BL51 BANKED LINKER/LOCATER V6.22                                                        04/03/2022  01:05:16  PAGE 1


BL51 BANKED LINKER/LOCATER V6.22, INVOKED BY:
D:\TOOL\KEIL_V5_C51_STC\C51\BIN\BL51.EXE .\obj\1602“∫æßæ≤Ã¨œ‘ æ.obj TO .\obj\1602“∫æßæ≤Ã¨œ‘ æ PRINT (.\obj\1602“∫æßæ≤Ã¨œ
>> ‘ æ.m51) RAMSIZE (256)


MEMORY MODEL: SMALL


INPUT MODULES INCLUDED:
  .\obj\1602“∫æßæ≤Ã¨œ‘ æ.obj (1602“∫æßæ≤Ã¨œ‘ æ)
  D:\TOOL\KEIL_V5_C51_STC\C51\LIB\C51S.LIB (?C_STARTUP)
  D:\TOOL\KEIL_V5_C51_STC\C51\LIB\C51S.LIB (?C?CLDPTR)


LINK MAP OF MODULE:  .\obj\1602“∫æßæ≤Ã¨œ‘ æ (1602“∫æßæ≤Ã¨œ‘ æ)


            TYPE    BASE      LENGTH    RELOCATION   SEGMENT NAME
            -----------------------------------------------------

            * * * * * * *   D A T A   M E M O R Y   * * * * * * *
            REG     0000H     0008H     ABSOLUTE     "REG BANK 0"
            IDATA   0008H     0001H     UNIT         ?STACK

            * * * * * * *   C O D E   M E M O R Y   * * * * * * *
            CODE    0000H     0003H     ABSOLUTE     
            CODE    0003H     0024H     UNIT         ?PR?_LCD_WRITE_STRING?1602“∫æßæ≤Ã¨œ‘ æ
            CODE    0027H     0022H     UNIT         ?PR?LCD_INIT?1602“∫æßæ≤Ã¨œ‘ æ
            CODE    0049H     001FH     UNIT         ?PR?MAIN?1602“∫æßæ≤Ã¨œ‘ æ
            CODE    0068H     001DH     UNIT         ?CO?1602“∫æßæ≤Ã¨œ‘ æ
            CODE    0085H     001CH     UNIT         ?PR?_DELAYMS?1602“∫æßæ≤Ã¨œ‘ æ
            CODE    00A1H     0019H     UNIT         ?C?LIB_CODE
            CODE    00BAH     0018H     UNIT         ?PR?_LCD_WRITE_CHAR?1602“∫æßæ≤Ã¨œ‘ æ
            CODE    00D2H     0013H     UNIT         ?PR?_LCD_WRITE_COM?1602“∫æßæ≤Ã¨œ‘ æ
            CODE    00E5H     0013H     UNIT         ?PR?_LCD_WRITE_DATA?1602“∫æßæ≤Ã¨œ‘ æ
            CODE    00F8H     0010H     UNIT         ?PR?LCD_CHECK_BUSY?1602“∫æßæ≤Ã¨œ‘ æ
            CODE    0108H     000CH     UNIT         ?C_C51STARTUP
            CODE    0114H     000AH     UNIT         ?PR?LCD_CLEAR?1602“∫æßæ≤Ã¨œ‘ æ
            CODE    011EH     0003H     UNIT         ?PR?_DELAYUS2X?1602“∫æßæ≤Ã¨œ‘ æ



OVERLAY MAP OF MODULE:   .\obj\1602“∫æßæ≤Ã¨œ‘ æ (1602“∫æßæ≤Ã¨œ‘ æ)


SEGMENT
  +--> CALLED SEGMENT
---------------------
?C_C51STARTUP
  +--> ?PR?MAIN?1602“∫æßæ≤Ã¨œ‘ æ

?PR?MAIN?1602“∫æßæ≤Ã¨œ‘ æ
  +--> ?PR?LCD_INIT?1602“∫æßæ≤Ã¨œ‘ æ
  +--> ?PR?LCD_CLEAR?1602“∫æßæ≤Ã¨œ‘ æ
  +--> ?CO?1602“∫æßæ≤Ã¨œ‘ æ
  +--> ?PR?_LCD_WRITE_STRING?1602“∫æßæ≤Ã¨œ‘ æ

?PR?LCD_INIT?1602“∫æßæ≤Ã¨œ‘ æ
BL51 BANKED LINKER/LOCATER V6.22                                                      04/03/2022  01:05:16  PAGE 2


  +--> ?PR?_DELAYMS?1602“∫æßæ≤Ã¨œ‘ æ
  +--> ?PR?_LCD_WRITE_COM?1602“∫æßæ≤Ã¨œ‘ æ

?PR?_DELAYMS?1602“∫æßæ≤Ã¨œ‘ æ
  +--> ?PR?_DELAYUS2X?1602“∫æßæ≤Ã¨œ‘ æ

?PR?_LCD_WRITE_COM?1602“∫æßæ≤Ã¨œ‘ æ
  +--> ?PR?_DELAYMS?1602“∫æßæ≤Ã¨œ‘ æ

?PR?LCD_CLEAR?1602“∫æßæ≤Ã¨œ‘ æ
  +--> ?PR?_LCD_WRITE_COM?1602“∫æßæ≤Ã¨œ‘ æ
  +--> ?PR?_DELAYMS?1602“∫æßæ≤Ã¨œ‘ æ

?PR?_LCD_WRITE_STRING?1602“∫æßæ≤Ã¨œ‘ æ
  +--> ?PR?_LCD_WRITE_COM?1602“∫æßæ≤Ã¨œ‘ æ
  +--> ?PR?_LCD_WRITE_DATA?1602“∫æßæ≤Ã¨œ‘ æ

?PR?_LCD_WRITE_DATA?1602“∫æßæ≤Ã¨œ‘ æ
  +--> ?PR?_DELAYMS?1602“∫æßæ≤Ã¨œ‘ æ



SYMBOL TABLE OF MODULE:  .\obj\1602“∫æßæ≤Ã¨œ‘ æ (1602“∫æßæ≤Ã¨œ‘ æ)

  VALUE           TYPE          NAME
  ----------------------------------

  -------         MODULE        1602“∫æßæ≤Ã¨œ‘ æ
  C:0000H         SYMBOL        _ICE_DUMMY_
  D:0080H         PUBLIC        P0
  D:0090H         PUBLIC        P1
  D:00A0H         PUBLIC        P2
  D:00B0H         PUBLIC        P3
  D:00A8H         PUBLIC        IE
  B:00A0H.6       PUBLIC        EN
  D:00B8H         PUBLIC        IP
  C:00F8H         PUBLIC        LCD_Check_Busy
  C:0003H         PUBLIC        _LCD_Write_String
  C:0114H         PUBLIC        LCD_Clear
  C:00E5H         PUBLIC        _LCD_Write_Data
  C:00BAH         PUBLIC        _LCD_Write_Char
  B:00A0H.4       PUBLIC        RS
  C:0049H         PUBLIC        main
  B:00A0H.5       PUBLIC        RW
  C:008CH         PUBLIC        _DelayMs
  D:0098H         PUBLIC        SCON
  D:0088H         PUBLIC        TCON
  C:00D2H         PUBLIC        _LCD_Write_Com
  C:0027H         PUBLIC        LCD_Init
  C:011EH         PUBLIC        _DelayUs2x
  D:00C8H         PUBLIC        T2CON
  D:00D0H         PUBLIC        PSW
  -------         PROC          _DELAYUS2X
  D:0007H         SYMBOL        t
  C:011EH         LINE#         33
  C:011EH         LINE#         34
  C:011EH         LINE#         35
BL51 BANKED LINKER/LOCATER V6.22                                                      04/03/2022  01:05:16  PAGE 3


  C:0120H         LINE#         36
  -------         ENDPROC       _DELAYUS2X
  C:0085H         SYMBOL        L?0028
  C:0087H         SYMBOL        L?0029
  -------         PROC          L?0027
  -------         ENDPROC       L?0027
  C:0085H         SYMBOL        L?0028
  C:0087H         SYMBOL        L?0029
  -------         PROC          _DELAYMS
  D:0006H         SYMBOL        t
  C:008CH         LINE#         42
  C:008EH         LINE#         43
  C:008EH         LINE#         45
  C:0094H         LINE#         46
  C:0094H         LINE#         48
  C:0099H         LINE#         49
  C:009EH         LINE#         50
  C:00A0H         LINE#         51
  -------         ENDPROC       _DELAYMS
  -------         PROC          LCD_CHECK_BUSY
  C:00F8H         LINE#         55
  C:00F8H         LINE#         56
  C:00F8H         LINE#         57
  C:00FBH         LINE#         58
  C:00FDH         LINE#         59
  C:00FFH         LINE#         60
  C:0101H         LINE#         61
  C:0102H         LINE#         62
  C:0104H         LINE#         63
  C:0107H         LINE#         64
  -------         ENDPROC       LCD_CHECK_BUSY
  -------         PROC          _LCD_WRITE_COM
  D:0005H         SYMBOL        com
  C:00D2H         LINE#         68
  C:00D4H         LINE#         69
  C:00D4H         LINE#         71
  C:00D9H         LINE#         72
  C:00DBH         LINE#         73
  C:00DDH         LINE#         74
  C:00DFH         LINE#         75
  C:00E1H         LINE#         76
  C:00E2H         LINE#         77
  C:00E4H         LINE#         78
  -------         ENDPROC       _LCD_WRITE_COM
  -------         PROC          _LCD_WRITE_DATA
  D:0005H         SYMBOL        Data
  C:00E5H         LINE#         82
  C:00E7H         LINE#         83
  C:00E7H         LINE#         85
  C:00ECH         LINE#         86
  C:00EEH         LINE#         87
  C:00F0H         LINE#         88
  C:00F2H         LINE#         89
  C:00F4H         LINE#         90
  C:00F5H         LINE#         91
  C:00F7H         LINE#         92
  -------         ENDPROC       _LCD_WRITE_DATA
BL51 BANKED LINKER/LOCATER V6.22                                                      04/03/2022  01:05:16  PAGE 4


  -------         PROC          LCD_CLEAR
  C:0114H         LINE#         97
  C:0114H         LINE#         98
  C:0114H         LINE#         99
  C:0119H         LINE#         100
  -------         ENDPROC       LCD_CLEAR
  -------         PROC          _LCD_WRITE_STRING
  D:0006H         SYMBOL        x
  D:0005H         SYMBOL        y
  D:0001H         SYMBOL        s
  C:0003H         LINE#         105
  C:0005H         LINE#         106
  C:0005H         LINE#         107
  C:0008H         LINE#         108
  C:0008H         LINE#         109
  C:000BH         LINE#         110
  C:000DH         LINE#         112
  C:000DH         LINE#         113
  C:0014H         LINE#         114
  C:0014H         LINE#         115
  C:001AH         LINE#         116
  C:001AH         LINE#         117
  C:001DH         LINE#         118
  C:0024H         LINE#         119
  C:0026H         LINE#         120
  -------         ENDPROC       _LCD_WRITE_STRING
  -------         PROC          _LCD_WRITE_CHAR
  D:0006H         SYMBOL        x
  D:0005H         SYMBOL        y
  D:0004H         SYMBOL        Data
  C:00BAH         LINE#         124
  C:00BEH         LINE#         125
  C:00BEH         LINE#         126
  C:00C1H         LINE#         127
  C:00C1H         LINE#         128
  C:00C4H         LINE#         129
  C:00C6H         LINE#         131
  C:00C6H         LINE#         132
  C:00CDH         LINE#         133
  C:00CDH         LINE#         134
  -------         ENDPROC       _LCD_WRITE_CHAR
  -------         PROC          LCD_INIT
  C:0027H         LINE#         139
  C:0027H         LINE#         140
  C:0027H         LINE#         141
  C:0027H         LINE#         142
  C:002AH         LINE#         143
  C:002AH         LINE#         144
  C:002DH         LINE#         145
  C:002DH         LINE#         146
  C:0030H         LINE#         147
  C:0035H         LINE#         148
  C:003AH         LINE#         149
  C:003FH         LINE#         150
  C:0041H         LINE#         151
  C:0044H         LINE#         152
  -------         ENDPROC       LCD_INIT
BL51 BANKED LINKER/LOCATER V6.22                                                      04/03/2022  01:05:16  PAGE 5


  -------         PROC          MAIN
  C:0049H         LINE#         158
  C:0049H         LINE#         159
  C:0049H         LINE#         160
  C:004CH         LINE#         161
  C:004FH         LINE#         162
  C:004FH         LINE#         163
  C:004FH         LINE#         166
  C:005BH         LINE#         167
  C:0066H         LINE#         168
  -------         ENDPROC       MAIN
  -------         ENDMOD        1602“∫æßæ≤Ã¨œ‘ æ

  -------         MODULE        ?C?CLDPTR
  C:00A1H         PUBLIC        ?C?CLDPTR
  -------         ENDMOD        ?C?CLDPTR

*** WARNING L16: UNCALLED SEGMENT, IGNORED FOR OVERLAY PROCESS
    SEGMENT: ?PR?LCD_CHECK_BUSY?1602“∫æßæ≤Ã¨œ‘ æ

*** WARNING L16: UNCALLED SEGMENT, IGNORED FOR OVERLAY PROCESS
    SEGMENT: ?PR?_LCD_WRITE_CHAR?1602“∫æßæ≤Ã¨œ‘ æ

Program Size: data=9.0 xdata=0 code=289
LINK/LOCATE RUN COMPLETE.  2 WARNING(S),  0 ERROR(S)
