<html>
<body>
<pre>
<h1>礦ision Build Log</h1>
<h2>Project:</h2>
C:\Users\18361\Desktop\5.21\好的程序\自平衡小车\MDK\自平衡小车.uvproj
Project File Date:  05/17/2018

<h2>Output:</h2>
Build target 'Target 1'
linking...
Program Size: Code=22570 RO-data=2742 RW-data=828 ZI-data=1732  
FromELF: creating hex file...
"..\OUTPUT\自平衡小车.axf" - 0 Error(s), 0 Warning(s).
Build target 'Target 1'
linking...
Program Size: Code=22570 RO-data=2742 RW-data=828 ZI-data=1732  
FromELF: creating hex file...
"..\OUTPUT\自平衡小车.axf" - 0 Error(s), 0 Warning(s).
Build target 'Target 1'
compiling MPU6050.c...
..\SRE\MPU6050.c(291): warning:  #167-D: argument of type "uint8_t *" is incompatible with parameter of type "char *restrict"
..\SRE\MPU6050.c:      sprintf(Temp1,"GyroY: %4.2f  \r\n", GyroY);
..\SRE\MPU6050.c:              ^
..\SRE\MPU6050.c(301): warning:  #167-D: argument of type "uint8_t *" is incompatible with parameter of type "char *restrict"
..\SRE\MPU6050.c:      sprintf(Temp1,"AccX: %4.2f  \r\n", AccX);
..\SRE\MPU6050.c:              ^
..\SRE\MPU6050.c(310): warning:  #167-D: argument of type "uint8_t *" is incompatible with parameter of type "char *restrict"
..\SRE\MPU6050.c:      sprintf(Temp1,"AccZ: %4.2f  \r\n", AccZ);
..\SRE\MPU6050.c:              ^
..\SRE\MPU6050.c(455): warning:  #167-D: argument of type "uint8_t *" is incompatible with parameter of type "char *restrict"
..\SRE\MPU6050.c:               sprintf(Temp1,"%4.2f",angle);
..\SRE\MPU6050.c:                       ^
..\SRE\MPU6050.c(457): warning:  #167-D: argument of type "uint8_t *" is incompatible with parameter of type "char *restrict"
..\SRE\MPU6050.c:               sprintf(Temp1,"%4.2f",Midle);
..\SRE\MPU6050.c:                       ^
..\SRE\MPU6050.c: ..\SRE\MPU6050.c: 5 warnings, 0 errors
linking...
Program Size: Code=22570 RO-data=2742 RW-data=828 ZI-data=1732  
FromELF: creating hex file...
"..\OUTPUT\自平衡小车.axf" - 0 Error(s), 5 Warning(s).
Build target 'Target 1'
linking...
Program Size: Code=22570 RO-data=2742 RW-data=828 ZI-data=1732  
FromELF: creating hex file...
"..\OUTPUT\自平衡小车.axf" - 0 Error(s), 0 Warning(s).
Load "..\\OUTPUT\\自平衡小车.AXF" 
Set JLink Project File to "C:\Users\18361\Desktop\5.21\好的程序\自平衡小车\MDK\JLinkSettings.ini"
 
JLink info:
------------
DLL: V4.15n, compiled Jun 18 2010 19:55:09
Firmware: J-Link V9 compiled Dec  2 2016 15:35:20
Hardware: V9.20
S/N : 269200585 
Feature(s) : GDB, RDI, FlashBP, FlashDL, JFlash, RDDI 
 
* JLink Info: Found SWD-DP with ID 0x1BA01477
* JLink Info: TPIU fitted.
* JLink Info: ETM fitted.
* JLink Info:   FPUnit: 6 code (BP) slots and 2 literal slots
ROMTableAddr = 0xE00FF003
 
Target info:
------------
Device: STM32F103VE
VTarget = 2.914V
State of Pins: 
TCK: 0, TDI: 0, TDO: 0, TMS: 1, TRES: 1, TRST: 0
* JLink Info: Found SWD-DP with ID 0x1BA01477
* JLink Info: TPIU fitted.
* JLink Info: ETM fitted.
* JLink Info:   FPUnit: 6 code (BP) slots and 2 literal slots
Hardware-Breakpoints: 6
Software-Breakpoints: 2048
Watchpoints:          4
JTAG speed: 6000 kHz
 
Erase Done.
Programming Done.
Verify OK.
Build target 'Target 1'
linking...
Program Size: Code=22570 RO-data=2742 RW-data=828 ZI-data=1732  
FromELF: creating hex file...
"..\OUTPUT\自平衡小车.axf" - 0 Error(s), 0 Warning(s).
Build target 'Target 1'
compiling MPU6050.c...
..\SRE\MPU6050.c(291): warning:  #167-D: argument of type "uint8_t *" is incompatible with parameter of type "char *restrict"
..\SRE\MPU6050.c:      sprintf(Temp1,"GyroY: %4.2f  \r\n", GyroY);
..\SRE\MPU6050.c:              ^
..\SRE\MPU6050.c(301): warning:  #167-D: argument of type "uint8_t *" is incompatible with parameter of type "char *restrict"
..\SRE\MPU6050.c:      sprintf(Temp1,"AccX: %4.2f  \r\n", AccX);
..\SRE\MPU6050.c:              ^
..\SRE\MPU6050.c(310): warning:  #167-D: argument of type "uint8_t *" is incompatible with parameter of type "char *restrict"
..\SRE\MPU6050.c:      sprintf(Temp1,"AccZ: %4.2f  \r\n", AccZ);
..\SRE\MPU6050.c:              ^
..\SRE\MPU6050.c(455): warning:  #167-D: argument of type "uint8_t *" is incompatible with parameter of type "char *restrict"
..\SRE\MPU6050.c:               sprintf(Temp1,"%4.2f",angle);
..\SRE\MPU6050.c:                       ^
..\SRE\MPU6050.c(457): warning:  #167-D: argument of type "uint8_t *" is incompatible with parameter of type "char *restrict"
..\SRE\MPU6050.c:               sprintf(Temp1,"%4.2f",Midle);
..\SRE\MPU6050.c:                       ^
..\SRE\MPU6050.c: ..\SRE\MPU6050.c: 5 warnings, 0 errors
linking...
Program Size: Code=22558 RO-data=2738 RW-data=828 ZI-data=1732  
FromELF: creating hex file...
"..\OUTPUT\自平衡小车.axf" - 0 Error(s), 5 Warning(s).
Build target 'Target 1'
linking...
Program Size: Code=22558 RO-data=2738 RW-data=828 ZI-data=1732  
FromELF: creating hex file...
"..\OUTPUT\自平衡小车.axf" - 0 Error(s), 0 Warning(s).
Load "..\\OUTPUT\\自平衡小车.AXF" 
Set JLink Project File to "C:\Users\18361\Desktop\5.21\好的程序\自平衡小车\MDK\JLinkSettings.ini"
 
JLink info:
------------
DLL: V4.15n, compiled Jun 18 2010 19:55:09
Firmware: J-Link V9 compiled Dec  2 2016 15:35:20
Hardware: V9.20
S/N : 269200585 
Feature(s) : GDB, RDI, FlashBP, FlashDL, JFlash, RDDI 
 
* JLink Info: Found SWD-DP with ID 0x1BA01477
* JLink Info: TPIU fitted.
* JLink Info: ETM fitted.
* JLink Info:   FPUnit: 6 code (BP) slots and 2 literal slots
ROMTableAddr = 0xE00FF003
 
Target info:
------------
Device: STM32F103VE
VTarget = 3.161V
State of Pins: 
TCK: 0, TDI: 0, TDO: 0, TMS: 1, TRES: 1, TRST: 0
* JLink Info: Found SWD-DP with ID 0x1BA01477
* JLink Info: TPIU fitted.
* JLink Info: ETM fitted.
* JLink Info:   FPUnit: 6 code (BP) slots and 2 literal slots
Hardware-Breakpoints: 6
Software-Breakpoints: 2048
Watchpoints:          4
JTAG speed: 6000 kHz
 
Erase Done.
Programming Done.
Verify OK.
Build target 'Target 1'
compiling MPU6050.c...
..\SRE\MPU6050.c(291): warning:  #167-D: argument of type "uint8_t *" is incompatible with parameter of type "char *restrict"
..\SRE\MPU6050.c:      sprintf(Temp1,"GyroY: %4.2f  \r\n", GyroY);
..\SRE\MPU6050.c:              ^
..\SRE\MPU6050.c(301): warning:  #167-D: argument of type "uint8_t *" is incompatible with parameter of type "char *restrict"
..\SRE\MPU6050.c:      sprintf(Temp1,"AccX: %4.2f  \r\n", AccX);
..\SRE\MPU6050.c:              ^
..\SRE\MPU6050.c(310): warning:  #167-D: argument of type "uint8_t *" is incompatible with parameter of type "char *restrict"
..\SRE\MPU6050.c:      sprintf(Temp1,"AccZ: %4.2f  \r\n", AccZ);
..\SRE\MPU6050.c:              ^
..\SRE\MPU6050.c(455): warning:  #167-D: argument of type "uint8_t *" is incompatible with parameter of type "char *restrict"
..\SRE\MPU6050.c:               sprintf(Temp1,"%4.2f",angle);
..\SRE\MPU6050.c:                       ^
..\SRE\MPU6050.c(457): warning:  #167-D: argument of type "uint8_t *" is incompatible with parameter of type "char *restrict"
..\SRE\MPU6050.c:               sprintf(Temp1,"%4.2f",Midle);
..\SRE\MPU6050.c:                       ^
..\SRE\MPU6050.c: ..\SRE\MPU6050.c: 5 warnings, 0 errors
linking...
Program Size: Code=22562 RO-data=2742 RW-data=828 ZI-data=1732  
FromELF: creating hex file...
"..\OUTPUT\自平衡小车.axf" - 0 Error(s), 5 Warning(s).
Load "..\\OUTPUT\\自平衡小车.AXF" 
Set JLink Project File to "C:\Users\18361\Desktop\5.21\好的程序\自平衡小车\MDK\JLinkSettings.ini"
 
JLink info:
------------
DLL: V4.15n, compiled Jun 18 2010 19:55:09
Firmware: J-Link V9 compiled Dec  2 2016 15:35:20
Hardware: V9.20
S/N : 269200585 
Feature(s) : GDB, RDI, FlashBP, FlashDL, JFlash, RDDI 
 
* JLink Info: Found SWD-DP with ID 0x1BA01477
* JLink Info: TPIU fitted.
* JLink Info: ETM fitted.
* JLink Info:   FPUnit: 6 code (BP) slots and 2 literal slots
ROMTableAddr = 0xE00FF003
 
Target info:
------------
Device: STM32F103VE
VTarget = 3.225V
State of Pins: 
TCK: 0, TDI: 0, TDO: 0, TMS: 1, TRES: 1, TRST: 0
* JLink Info: Found SWD-DP with ID 0x1BA01477
* JLink Info: TPIU fitted.
* JLink Info: ETM fitted.
* JLink Info:   FPUnit: 6 code (BP) slots and 2 literal slots
Hardware-Breakpoints: 6
Software-Breakpoints: 2048
Watchpoints:          4
JTAG speed: 6000 kHz
 
Erase Done.
Programming Done.
Verify OK.
Build target 'Target 1'
compiling MPU6050.c...
..\SRE\MPU6050.c(291): warning:  #167-D: argument of type "uint8_t *" is incompatible with parameter of type "char *restrict"
..\SRE\MPU6050.c:      sprintf(Temp1,"GyroY: %4.2f  \r\n", GyroY);
..\SRE\MPU6050.c:              ^
..\SRE\MPU6050.c(301): warning:  #167-D: argument of type "uint8_t *" is incompatible with parameter of type "char *restrict"
..\SRE\MPU6050.c:      sprintf(Temp1,"AccX: %4.2f  \r\n", AccX);
..\SRE\MPU6050.c:              ^
..\SRE\MPU6050.c(310): warning:  #167-D: argument of type "uint8_t *" is incompatible with parameter of type "char *restrict"
..\SRE\MPU6050.c:      sprintf(Temp1,"AccZ: %4.2f  \r\n", AccZ);
..\SRE\MPU6050.c:              ^
..\SRE\MPU6050.c(455): warning:  #167-D: argument of type "uint8_t *" is incompatible with parameter of type "char *restrict"
..\SRE\MPU6050.c:               sprintf(Temp1,"%4.2f",angle);
..\SRE\MPU6050.c:                       ^
..\SRE\MPU6050.c(457): warning:  #167-D: argument of type "uint8_t *" is incompatible with parameter of type "char *restrict"
..\SRE\MPU6050.c:               sprintf(Temp1,"%4.2f",Midle);
..\SRE\MPU6050.c:                       ^
..\SRE\MPU6050.c(438): warning:  #177-D: variable "i" was declared but never referenced
..\SRE\MPU6050.c:       int i = 0;
..\SRE\MPU6050.c:           ^
..\SRE\MPU6050.c(440): warning:  #177-D: variable "pitch_sum" was declared but never referenced
..\SRE\MPU6050.c:       static float pitch_sum = 0.0;
..\SRE\MPU6050.c:                    ^
..\SRE\MPU6050.c: ..\SRE\MPU6050.c: 7 warnings, 0 errors
linking...
Program Size: Code=22490 RO-data=2742 RW-data=828 ZI-data=1732  
FromELF: creating hex file...
"..\OUTPUT\自平衡小车.axf" - 0 Error(s), 7 Warning(s).
Load "..\\OUTPUT\\自平衡小车.AXF" 
Set JLink Project File to "C:\Users\18361\Desktop\5.21\好的程序\自平衡小车\MDK\JLinkSettings.ini"
 
JLink info:
------------
DLL: V4.15n, compiled Jun 18 2010 19:55:09
Firmware: J-Link V9 compiled Dec  2 2016 15:35:20
Hardware: V9.20
S/N : 269200585 
Feature(s) : GDB, RDI, FlashBP, FlashDL, JFlash, RDDI 
 
* JLink Info: Found SWD-DP with ID 0x1BA01477
* JLink Info: TPIU fitted.
* JLink Info: ETM fitted.
* JLink Info:   FPUnit: 6 code (BP) slots and 2 literal slots
ROMTableAddr = 0xE00FF003
 
Target info:
------------
Device: STM32F103VE
VTarget = 3.146V
State of Pins: 
TCK: 0, TDI: 0, TDO: 0, TMS: 1, TRES: 1, TRST: 0
* JLink Info: Found SWD-DP with ID 0x1BA01477
* JLink Info: TPIU fitted.
* JLink Info: ETM fitted.
* JLink Info:   FPUnit: 6 code (BP) slots and 2 literal slots
Hardware-Breakpoints: 6
Software-Breakpoints: 2048
Watchpoints:          4
JTAG speed: 6000 kHz
 
Erase Done.
Programming Done.
Verify OK.
Build target 'Target 1'
compiling MPU6050.c...
..\SRE\MPU6050.c(291): warning:  #167-D: argument of type "uint8_t *" is incompatible with parameter of type "char *restrict"
..\SRE\MPU6050.c:      sprintf(Temp1,"GyroY: %4.2f  \r\n", GyroY);
..\SRE\MPU6050.c:              ^
..\SRE\MPU6050.c(301): warning:  #167-D: argument of type "uint8_t *" is incompatible with parameter of type "char *restrict"
..\SRE\MPU6050.c:      sprintf(Temp1,"AccX: %4.2f  \r\n", AccX);
..\SRE\MPU6050.c:              ^
..\SRE\MPU6050.c(310): warning:  #167-D: argument of type "uint8_t *" is incompatible with parameter of type "char *restrict"
..\SRE\MPU6050.c:      sprintf(Temp1,"AccZ: %4.2f  \r\n", AccZ);
..\SRE\MPU6050.c:              ^
..\SRE\MPU6050.c(455): warning:  #167-D: argument of type "uint8_t *" is incompatible with parameter of type "char *restrict"
..\SRE\MPU6050.c:               sprintf(Temp1,"%4.2f",angle);
..\SRE\MPU6050.c:                       ^
..\SRE\MPU6050.c(457): warning:  #167-D: argument of type "uint8_t *" is incompatible with parameter of type "char *restrict"
..\SRE\MPU6050.c:               sprintf(Temp1,"%4.2f",Midle);
..\SRE\MPU6050.c:                       ^
..\SRE\MPU6050.c(438): warning:  #177-D: variable "i" was declared but never referenced
..\SRE\MPU6050.c:       int i = 0;
..\SRE\MPU6050.c:           ^
..\SRE\MPU6050.c(440): warning:  #177-D: variable "pitch_sum" was declared but never referenced
..\SRE\MPU6050.c:       static float pitch_sum = 0.0;
..\SRE\MPU6050.c:                    ^
..\SRE\MPU6050.c: ..\SRE\MPU6050.c: 7 warnings, 0 errors
linking...
Program Size: Code=22486 RO-data=2738 RW-data=828 ZI-data=1732  
FromELF: creating hex file...
"..\OUTPUT\自平衡小车.axf" - 0 Error(s), 7 Warning(s).
Load "..\\OUTPUT\\自平衡小车.AXF" 
Set JLink Project File to "C:\Users\18361\Desktop\5.21\好的程序\自平衡小车\MDK\JLinkSettings.ini"
 
JLink info:
------------
DLL: V4.15n, compiled Jun 18 2010 19:55:09
Firmware: J-Link V9 compiled Dec  2 2016 15:35:20
Hardware: V9.20
S/N : 269200585 
Feature(s) : GDB, RDI, FlashBP, FlashDL, JFlash, RDDI 
 
* JLink Info: Found SWD-DP with ID 0x1BA01477
* JLink Info: TPIU fitted.
* JLink Info: ETM fitted.
* JLink Info:   FPUnit: 6 code (BP) slots and 2 literal slots
ROMTableAddr = 0xE00FF003
 
Target info:
------------
Device: STM32F103VE
VTarget = 3.058V
State of Pins: 
TCK: 0, TDI: 0, TDO: 0, TMS: 1, TRES: 1, TRST: 0
* JLink Info: Found SWD-DP with ID 0x1BA01477
* JLink Info: TPIU fitted.
* JLink Info: ETM fitted.
* JLink Info:   FPUnit: 6 code (BP) slots and 2 literal slots
Hardware-Breakpoints: 6
Software-Breakpoints: 2048
Watchpoints:          4
JTAG speed: 6000 kHz
 
Erase Done.
Programming Done.
Verify OK.
Build target 'Target 1'
compiling MPU6050.c...
..\SRE\MPU6050.c(291): warning:  #167-D: argument of type "uint8_t *" is incompatible with parameter of type "char *restrict"
..\SRE\MPU6050.c:      sprintf(Temp1,"GyroY: %4.2f  \r\n", GyroY);
..\SRE\MPU6050.c:              ^
..\SRE\MPU6050.c(301): warning:  #167-D: argument of type "uint8_t *" is incompatible with parameter of type "char *restrict"
..\SRE\MPU6050.c:      sprintf(Temp1,"AccX: %4.2f  \r\n", AccX);
..\SRE\MPU6050.c:              ^
..\SRE\MPU6050.c(310): warning:  #167-D: argument of type "uint8_t *" is incompatible with parameter of type "char *restrict"
..\SRE\MPU6050.c:      sprintf(Temp1,"AccZ: %4.2f  \r\n", AccZ);
..\SRE\MPU6050.c:              ^
..\SRE\MPU6050.c(455): warning:  #167-D: argument of type "uint8_t *" is incompatible with parameter of type "char *restrict"
..\SRE\MPU6050.c:               sprintf(Temp1,"%4.2f",angle);
..\SRE\MPU6050.c:                       ^
..\SRE\MPU6050.c(457): warning:  #167-D: argument of type "uint8_t *" is incompatible with parameter of type "char *restrict"
..\SRE\MPU6050.c:               sprintf(Temp1,"%4.2f",Midle);
..\SRE\MPU6050.c:                       ^
..\SRE\MPU6050.c: ..\SRE\MPU6050.c: 5 warnings, 0 errors
linking...
Program Size: Code=22558 RO-data=2738 RW-data=828 ZI-data=1732  
FromELF: creating hex file...
"..\OUTPUT\自平衡小车.axf" - 0 Error(s), 5 Warning(s).
Load "..\\OUTPUT\\自平衡小车.AXF" 
Set JLink Project File to "C:\Users\18361\Desktop\5.21\好的程序\自平衡小车\MDK\JLinkSettings.ini"
 
JLink info:
------------
DLL: V4.15n, compiled Jun 18 2010 19:55:09
Firmware: J-Link V9 compiled Dec  2 2016 15:35:20
Hardware: V9.20
S/N : 269200585 
Feature(s) : GDB, RDI, FlashBP, FlashDL, JFlash, RDDI 
 
* JLink Info: Found SWD-DP with ID 0x1BA01477
* JLink Info: TPIU fitted.
* JLink Info: ETM fitted.
* JLink Info:   FPUnit: 6 code (BP) slots and 2 literal slots
ROMTableAddr = 0xE00FF003
 
Target info:
------------
Device: STM32F103VE
VTarget = 3.146V
State of Pins: 
TCK: 0, TDI: 0, TDO: 0, TMS: 1, TRES: 1, TRST: 0
* JLink Info: Found SWD-DP with ID 0x1BA01477
* JLink Info: TPIU fitted.
* JLink Info: ETM fitted.
* JLink Info:   FPUnit: 6 code (BP) slots and 2 literal slots
Hardware-Breakpoints: 6
Software-Breakpoints: 2048
Watchpoints:          4
JTAG speed: 6000 kHz
 
Erase Done.
Programming Done.
Verify OK.
Build target 'Target 1'
compiling MPU6050.c...
..\SRE\MPU6050.c(291): warning:  #167-D: argument of type "uint8_t *" is incompatible with parameter of type "char *restrict"
..\SRE\MPU6050.c:      sprintf(Temp1,"GyroY: %4.2f  \r\n", GyroY);
..\SRE\MPU6050.c:              ^
..\SRE\MPU6050.c(301): warning:  #167-D: argument of type "uint8_t *" is incompatible with parameter of type "char *restrict"
..\SRE\MPU6050.c:      sprintf(Temp1,"AccX: %4.2f  \r\n", AccX);
..\SRE\MPU6050.c:              ^
..\SRE\MPU6050.c(310): warning:  #167-D: argument of type "uint8_t *" is incompatible with parameter of type "char *restrict"
..\SRE\MPU6050.c:      sprintf(Temp1,"AccZ: %4.2f  \r\n", AccZ);
..\SRE\MPU6050.c:              ^
..\SRE\MPU6050.c(360): warning:  #167-D: argument of type "uint8_t *" is incompatible with parameter of type "char *restrict"
..\SRE\MPU6050.c:               sprintf(Temp1,"%4.2f",angle);
..\SRE\MPU6050.c:                       ^
..\SRE\MPU6050.c(362): warning:  #167-D: argument of type "uint8_t *" is incompatible with parameter of type "char *restrict"
..\SRE\MPU6050.c:               sprintf(Temp1,"%4.2f",Midle);
..\SRE\MPU6050.c:                       ^
..\SRE\MPU6050.c: ..\SRE\MPU6050.c: 5 warnings, 0 errors
linking...
Program Size: Code=22558 RO-data=2738 RW-data=828 ZI-data=1732  
FromELF: creating hex file...
"..\OUTPUT\自平衡小车.axf" - 0 Error(s), 5 Warning(s).
Build target 'Target 1'
compiling MPU6050.c...
..\SRE\MPU6050.c(291): warning:  #167-D: argument of type "uint8_t *" is incompatible with parameter of type "char *restrict"
..\SRE\MPU6050.c:      sprintf(Temp1,"GyroY: %4.2f  \r\n", GyroY);
..\SRE\MPU6050.c:              ^
..\SRE\MPU6050.c(301): warning:  #167-D: argument of type "uint8_t *" is incompatible with parameter of type "char *restrict"
..\SRE\MPU6050.c:      sprintf(Temp1,"AccX: %4.2f  \r\n", AccX);
..\SRE\MPU6050.c:              ^
..\SRE\MPU6050.c(310): warning:  #167-D: argument of type "uint8_t *" is incompatible with parameter of type "char *restrict"
..\SRE\MPU6050.c:      sprintf(Temp1,"AccZ: %4.2f  \r\n", AccZ);
..\SRE\MPU6050.c:              ^
..\SRE\MPU6050.c(360): warning:  #167-D: argument of type "uint8_t *" is incompatible with parameter of type "char *restrict"
..\SRE\MPU6050.c:               sprintf(Temp1,"%4.2f",angle);
..\SRE\MPU6050.c:                       ^
..\SRE\MPU6050.c(362): warning:  #167-D: argument of type "uint8_t *" is incompatible with parameter of type "char *restrict"
..\SRE\MPU6050.c:               sprintf(Temp1,"%4.2f",Midle);
..\SRE\MPU6050.c:                       ^
..\SRE\MPU6050.c: ..\SRE\MPU6050.c: 5 warnings, 0 errors
linking...
Program Size: Code=22554 RO-data=2742 RW-data=828 ZI-data=1732  
FromELF: creating hex file...
"..\OUTPUT\自平衡小车.axf" - 0 Error(s), 5 Warning(s).
Load "..\\OUTPUT\\自平衡小车.AXF" 
Set JLink Project File to "C:\Users\18361\Desktop\5.21\好的程序\自平衡小车\MDK\JLinkSettings.ini"
 
JLink info:
------------
DLL: V4.15n, compiled Jun 18 2010 19:55:09
Firmware: J-Link V9 compiled Dec  2 2016 15:35:20
Hardware: V9.20
S/N : 269200585 
Feature(s) : GDB, RDI, FlashBP, FlashDL, JFlash, RDDI 
 
* JLink Info: Found SWD-DP with ID 0x1BA01477
* JLink Info: TPIU fitted.
* JLink Info: ETM fitted.
* JLink Info:   FPUnit: 6 code (BP) slots and 2 literal slots
ROMTableAddr = 0xE00FF003
 
Target info:
------------
Device: STM32F103VE
VTarget = 3.137V
State of Pins: 
TCK: 0, TDI: 0, TDO: 0, TMS: 1, TRES: 1, TRST: 0
* JLink Info: Found SWD-DP with ID 0x1BA01477
* JLink Info: TPIU fitted.
* JLink Info: ETM fitted.
* JLink Info:   FPUnit: 6 code (BP) slots and 2 literal slots
Hardware-Breakpoints: 6
Software-Breakpoints: 2048
Watchpoints:          4
JTAG speed: 6000 kHz
 
Erase Done.
Programming Done.
Verify OK.
Build target 'Target 1'
compiling MPU6050.c...
..\SRE\MPU6050.c(291): warning:  #167-D: argument of type "uint8_t *" is incompatible with parameter of type "char *restrict"
..\SRE\MPU6050.c:      sprintf(Temp1,"GyroY: %4.2f  \r\n", GyroY);
..\SRE\MPU6050.c:              ^
..\SRE\MPU6050.c(301): warning:  #167-D: argument of type "uint8_t *" is incompatible with parameter of type "char *restrict"
..\SRE\MPU6050.c:      sprintf(Temp1,"AccX: %4.2f  \r\n", AccX);
..\SRE\MPU6050.c:              ^
..\SRE\MPU6050.c(310): warning:  #167-D: argument of type "uint8_t *" is incompatible with parameter of type "char *restrict"
..\SRE\MPU6050.c:      sprintf(Temp1,"AccZ: %4.2f  \r\n", AccZ);
..\SRE\MPU6050.c:              ^
..\SRE\MPU6050.c(351): warning:  #167-D: argument of type "uint8_t *" is incompatible with parameter of type "char *restrict"
..\SRE\MPU6050.c:               sprintf(Temp1,"%4.2f",angle);
..\SRE\MPU6050.c:                       ^
..\SRE\MPU6050.c(353): warning:  #167-D: argument of type "uint8_t *" is incompatible with parameter of type "char *restrict"
..\SRE\MPU6050.c:               sprintf(Temp1,"%4.2f",Midle);
..\SRE\MPU6050.c:                       ^
..\SRE\MPU6050.c: ..\SRE\MPU6050.c: 5 warnings, 0 errors
linking...
Program Size: Code=22554 RO-data=2742 RW-data=756 ZI-data=1716  
FromELF: creating hex file...
"..\OUTPUT\自平衡小车.axf" - 0 Error(s), 5 Warning(s).
Build target 'Target 1'
compiling MPU6050.c...
..\SRE\MPU6050.c(291): warning:  #167-D: argument of type "uint8_t *" is incompatible with parameter of type "char *restrict"
..\SRE\MPU6050.c:      sprintf(Temp1,"GyroY: %4.2f  \r\n", GyroY);
..\SRE\MPU6050.c:              ^
..\SRE\MPU6050.c(301): warning:  #167-D: argument of type "uint8_t *" is incompatible with parameter of type "char *restrict"
..\SRE\MPU6050.c:      sprintf(Temp1,"AccX: %4.2f  \r\n", AccX);
..\SRE\MPU6050.c:              ^
..\SRE\MPU6050.c(310): warning:  #167-D: argument of type "uint8_t *" is incompatible with parameter of type "char *restrict"
..\SRE\MPU6050.c:      sprintf(Temp1,"AccZ: %4.2f  \r\n", AccZ);
..\SRE\MPU6050.c:              ^
..\SRE\MPU6050.c(341): error:  #20: identifier "Accel_X" is undefined
..\SRE\MPU6050.c:                       pitch_temp1 = atan2(Accel_X,Accel_Z)*180/3.1415926;   //??Pitch?? 0.4??????
..\SRE\MPU6050.c:                                           ^
..\SRE\MPU6050.c(341): error:  #20: identifier "Accel_Z" is undefined
..\SRE\MPU6050.c:                       pitch_temp1 = atan2(Accel_X,Accel_Z)*180/3.1415926;   //??Pitch?? 0.4??????
..\SRE\MPU6050.c:                                                   ^
..\SRE\MPU6050.c(351): warning:  #167-D: argument of type "uint8_t *" is incompatible with parameter of type "char *restrict"
..\SRE\MPU6050.c:               sprintf(Temp1,"%4.2f",angle);
..\SRE\MPU6050.c:                       ^
..\SRE\MPU6050.c(353): warning:  #167-D: argument of type "uint8_t *" is incompatible with parameter of type "char *restrict"
..\SRE\MPU6050.c:               sprintf(Temp1,"%4.2f",Midle);
..\SRE\MPU6050.c:                       ^
..\SRE\MPU6050.c: ..\SRE\MPU6050.c: 5 warnings, 2 errors
Target not created
Build target 'Target 1'
compiling MPU6050.c...
..\SRE\MPU6050.c(291): warning:  #167-D: argument of type "uint8_t *" is incompatible with parameter of type "char *restrict"
..\SRE\MPU6050.c:      sprintf(Temp1,"GyroY: %4.2f  \r\n", GyroY);
..\SRE\MPU6050.c:              ^
..\SRE\MPU6050.c(301): warning:  #167-D: argument of type "uint8_t *" is incompatible with parameter of type "char *restrict"
..\SRE\MPU6050.c:      sprintf(Temp1,"AccX: %4.2f  \r\n", AccX);
..\SRE\MPU6050.c:              ^
..\SRE\MPU6050.c(310): warning:  #167-D: argument of type "uint8_t *" is incompatible with parameter of type "char *restrict"
..\SRE\MPU6050.c:      sprintf(Temp1,"AccZ: %4.2f  \r\n", AccZ);
..\SRE\MPU6050.c:              ^
..\SRE\MPU6050.c(351): warning:  #167-D: argument of type "uint8_t *" is incompatible with parameter of type "char *restrict"
..\SRE\MPU6050.c:               sprintf(Temp1,"%4.2f",angle);
..\SRE\MPU6050.c:                       ^
..\SRE\MPU6050.c(353): warning:  #167-D: argument of type "uint8_t *" is incompatible with parameter of type "char *restrict"
..\SRE\MPU6050.c:               sprintf(Temp1,"%4.2f",Midle);
..\SRE\MPU6050.c:                       ^
..\SRE\MPU6050.c: ..\SRE\MPU6050.c: 5 warnings, 0 errors
linking...
Program Size: Code=22558 RO-data=2746 RW-data=756 ZI-data=1716  
FromELF: creating hex file...
"..\OUTPUT\自平衡小车.axf" - 0 Error(s), 5 Warning(s).
Load "..\\OUTPUT\\自平衡小车.AXF" 
Set JLink Project File to "C:\Users\18361\Desktop\5.21\好的程序\自平衡小车\MDK\JLinkSettings.ini"
 
JLink info:
------------
DLL: V4.15n, compiled Jun 18 2010 19:55:09
Firmware: J-Link V9 compiled Dec  2 2016 15:35:20
Hardware: V9.20
S/N : 269200585 
Feature(s) : GDB, RDI, FlashBP, FlashDL, JFlash, RDDI 
 
* JLink Info: Found SWD-DP with ID 0x1BA01477
* JLink Info: TPIU fitted.
* JLink Info: ETM fitted.
* JLink Info:   FPUnit: 6 code (BP) slots and 2 literal slots
ROMTableAddr = 0xE00FF003
 
Target info:
------------
Device: STM32F103VE
VTarget = 3.182V
State of Pins: 
TCK: 0, TDI: 0, TDO: 0, TMS: 1, TRES: 1, TRST: 0
* JLink Info: Found SWD-DP with ID 0x1BA01477
* JLink Info: TPIU fitted.
* JLink Info: ETM fitted.
* JLink Info:   FPUnit: 6 code (BP) slots and 2 literal slots
Hardware-Breakpoints: 6
Software-Breakpoints: 2048
Watchpoints:          4
JTAG speed: 6000 kHz
 
Erase Done.
Programming Done.
Verify OK.
Build target 'Target 1'
compiling MPU6050.c...
..\SRE\MPU6050.c(291): warning:  #167-D: argument of type "uint8_t *" is incompatible with parameter of type "char *restrict"
..\SRE\MPU6050.c:      sprintf(Temp1,"GyroY: %4.2f  \r\n", GyroY);
..\SRE\MPU6050.c:              ^
..\SRE\MPU6050.c(301): warning:  #167-D: argument of type "uint8_t *" is incompatible with parameter of type "char *restrict"
..\SRE\MPU6050.c:      sprintf(Temp1,"AccX: %4.2f  \r\n", AccX);
..\SRE\MPU6050.c:              ^
..\SRE\MPU6050.c(310): warning:  #167-D: argument of type "uint8_t *" is incompatible with parameter of type "char *restrict"
..\SRE\MPU6050.c:      sprintf(Temp1,"AccZ: %4.2f  \r\n", AccZ);
..\SRE\MPU6050.c:              ^
..\SRE\MPU6050.c(360): warning:  #167-D: argument of type "uint8_t *" is incompatible with parameter of type "char *restrict"
..\SRE\MPU6050.c:               sprintf(Temp1,"%4.2f",angle);
..\SRE\MPU6050.c:                       ^
..\SRE\MPU6050.c(362): warning:  #167-D: argument of type "uint8_t *" is incompatible with parameter of type "char *restrict"
..\SRE\MPU6050.c:               sprintf(Temp1,"%4.2f",Midle);
..\SRE\MPU6050.c:                       ^
..\SRE\MPU6050.c: ..\SRE\MPU6050.c: 5 warnings, 0 errors
linking...
Program Size: Code=22558 RO-data=2738 RW-data=828 ZI-data=1732  
FromELF: creating hex file...
"..\OUTPUT\自平衡小车.axf" - 0 Error(s), 5 Warning(s).
Build target 'Target 1'
compiling MPU6050.c...
..\SRE\MPU6050.c(291): warning:  #167-D: argument of type "uint8_t *" is incompatible with parameter of type "char *restrict"
..\SRE\MPU6050.c:      sprintf(Temp1,"GyroY: %4.2f  \r\n", GyroY);
..\SRE\MPU6050.c:              ^
..\SRE\MPU6050.c(301): warning:  #167-D: argument of type "uint8_t *" is incompatible with parameter of type "char *restrict"
..\SRE\MPU6050.c:      sprintf(Temp1,"AccX: %4.2f  \r\n", AccX);
..\SRE\MPU6050.c:              ^
..\SRE\MPU6050.c(310): warning:  #167-D: argument of type "uint8_t *" is incompatible with parameter of type "char *restrict"
..\SRE\MPU6050.c:      sprintf(Temp1,"AccZ: %4.2f  \r\n", AccZ);
..\SRE\MPU6050.c:              ^
..\SRE\MPU6050.c(360): warning:  #167-D: argument of type "uint8_t *" is incompatible with parameter of type "char *restrict"
..\SRE\MPU6050.c:               sprintf(Temp1,"%4.2f",angle);
..\SRE\MPU6050.c:                       ^
..\SRE\MPU6050.c(362): warning:  #167-D: argument of type "uint8_t *" is incompatible with parameter of type "char *restrict"
..\SRE\MPU6050.c:               sprintf(Temp1,"%4.2f",Midle);
..\SRE\MPU6050.c:                       ^
..\SRE\MPU6050.c: ..\SRE\MPU6050.c: 5 warnings, 0 errors
linking...
Program Size: Code=22570 RO-data=2742 RW-data=828 ZI-data=1732  
FromELF: creating hex file...
"..\OUTPUT\自平衡小车.axf" - 0 Error(s), 5 Warning(s).
Build target 'Target 1'
compiling MPU6050.c...
..\SRE\MPU6050.c(291): warning:  #167-D: argument of type "uint8_t *" is incompatible with parameter of type "char *restrict"
..\SRE\MPU6050.c:      sprintf(Temp1,"GyroY: %4.2f  \r\n", GyroY);
..\SRE\MPU6050.c:              ^
..\SRE\MPU6050.c(301): warning:  #167-D: argument of type "uint8_t *" is incompatible with parameter of type "char *restrict"
..\SRE\MPU6050.c:      sprintf(Temp1,"AccX: %4.2f  \r\n", AccX);
..\SRE\MPU6050.c:              ^
..\SRE\MPU6050.c(310): warning:  #167-D: argument of type "uint8_t *" is incompatible with parameter of type "char *restrict"
..\SRE\MPU6050.c:      sprintf(Temp1,"AccZ: %4.2f  \r\n", AccZ);
..\SRE\MPU6050.c:              ^
..\SRE\MPU6050.c(360): warning:  #167-D: argument of type "uint8_t *" is incompatible with parameter of type "char *restrict"
..\SRE\MPU6050.c:               sprintf(Temp1,"%4.2f",angle);
..\SRE\MPU6050.c:                       ^
..\SRE\MPU6050.c(362): warning:  #167-D: argument of type "uint8_t *" is incompatible with parameter of type "char *restrict"
..\SRE\MPU6050.c:               sprintf(Temp1,"%4.2f",Midle);
..\SRE\MPU6050.c:                       ^
..\SRE\MPU6050.c: ..\SRE\MPU6050.c: 5 warnings, 0 errors
linking...
Program Size: Code=22570 RO-data=2742 RW-data=828 ZI-data=1732  
FromELF: creating hex file...
"..\OUTPUT\自平衡小车.axf" - 0 Error(s), 5 Warning(s).
Load "..\\OUTPUT\\自平衡小车.AXF" 
Set JLink Project File to "C:\Users\18361\Desktop\5.21\好的程序\自平衡小车\MDK\JLinkSettings.ini"
 
JLink info:
------------
DLL: V4.15n, compiled Jun 18 2010 19:55:09
Firmware: J-Link V9 compiled Dec  2 2016 15:35:20
Hardware: V9.20
S/N : 269200585 
Feature(s) : GDB, RDI, FlashBP, FlashDL, JFlash, RDDI 
 
* JLink Info: Found SWD-DP with ID 0x1BA01477
* JLink Info: TPIU fitted.
* JLink Info: ETM fitted.
* JLink Info:   FPUnit: 6 code (BP) slots and 2 literal slots
ROMTableAddr = 0xE00FF003
 
Target info:
------------
Device: STM32F103VE
VTarget = 3.090V
State of Pins: 
TCK: 0, TDI: 0, TDO: 0, TMS: 1, TRES: 1, TRST: 0
* JLink Info: Found SWD-DP with ID 0x1BA01477
* JLink Info: TPIU fitted.
* JLink Info: ETM fitted.
* JLink Info:   FPUnit: 6 code (BP) slots and 2 literal slots
Hardware-Breakpoints: 6
Software-Breakpoints: 2048
Watchpoints:          4
JTAG speed: 6000 kHz
 
Erase Done.
Programming Done.
Verify OK.
