BL51 BANKED LINKER/LOCATER V5.12                                                        03/30/2011  23:21:22  PAGE 1


BL51 BANKED LINKER/LOCATER V5.12, INVOKED BY:
D:\KEIL\C51\BIN\BL51.EXE STARTUP.obj, GPRS.obj TO GPRS_51_TEST RAMSIZE (256)


MEMORY MODEL: SMALL WITH FLOATING POINT ARITHMETIC


INPUT MODULES INCLUDED:
  STARTUP.obj (?C_STARTUP)
  GPRS.obj (GPRS)
  D:\KEIL\C51\LIB\C51FPS.LIB (?C?FPADD)
  D:\KEIL\C51\LIB\C51FPS.LIB (?C?FPMUL)
  D:\KEIL\C51\LIB\C51FPS.LIB (?C?FCAST)
  D:\KEIL\C51\LIB\C51FPS.LIB (?C?CASTF)
  D:\KEIL\C51\LIB\C51FPS.LIB (?C?FPGETOPN)
  D:\KEIL\C51\LIB\C51S.LIB (?C_INIT)
  D:\KEIL\C51\LIB\C51S.LIB (?C?CLDOPTR)
  D:\KEIL\C51\LIB\C51S.LIB (?C?UIDIV)
  D:\KEIL\C51\LIB\C51S.LIB (?C?LNEG)


LINK MAP OF MODULE:  GPRS_51_TEST (?C_STARTUP)


            TYPE    BASE      LENGTH    RELOCATION   SEGMENT NAME
            -----------------------------------------------------

            * * * * * * *   D A T A   M E M O R Y   * * * * * * *
            REG     0000H     0008H     ABSOLUTE     "REG BANK 0"
            DATA    0008H     000EH     UNIT         _DATA_GROUP_
                    0016H     0002H                  *** GAP ***
            REG     0018H     0008H     ABSOLUTE     "REG BANK 3"
            DATA    0020H     004FH     UNIT         ?DT?GPRS
            IDATA   006FH     0001H     UNIT         ?STACK

            * * * * * * *   C O D E   M E M O R Y   * * * * * * *
            CODE    0000H     0003H     ABSOLUTE     
                    0003H     0008H                  *** GAP ***
            CODE    000BH     0003H     ABSOLUTE     
            CODE    000EH     0014H     UNIT         ?PR?_WRITEDATALCM?GPRS
                    0022H     0001H                  *** GAP ***
            CODE    0023H     0003H     ABSOLUTE     
            CODE    0026H     034DH     UNIT         ?C?LIB_CODE
            CODE    0373H     018EH     UNIT         ?PR?SEND_MESSAGE?GPRS
            CODE    0501H     011BH     UNIT         ?CO?GPRS
            CODE    061CH     00A5H     UNIT         ?PR?LCD_SCREEN?GPRS
            CODE    06C1H     008CH     UNIT         ?C_C51STARTUP
            CODE    074DH     0078H     UNIT         ?PR?READTEMPERATURE?GPRS
            CODE    07C5H     0070H     UNIT         ?PR?MAIN?GPRS
            CODE    0835H     003FH     UNIT         ?PR?INITDS1302?GPRS
            CODE    0874H     0039H     UNIT         ?PR?INITLCM?GPRS
            CODE    08ADH     0038H     UNIT         ?PR?_DISPLAYLISTCHAR?GPRS
            CODE    08E5H     0034H     UNIT         ?PR?_LCD?GPRS
            CODE    0919H     0031H     UNIT         ?PR?AT_CSCA?GPRS
            CODE    094AH     002FH     UNIT         ?PR?_WRITE_DS_BYTE?GPRS
            CODE    0979H     002FH     UNIT         ?PR?AT_CMGS?GPRS
            CODE    09A8H     002DH     UNIT         ?C_INITSEG
            CODE    09D5H     0028H     UNIT         ?PR?_WRITEONECHAR?GPRS
BL51 BANKED LINKER/LOCATER V5.12                                                      03/30/2011  23:21:22  PAGE 2


            CODE    09FDH     0028H     UNIT         ?PR?SERIAL?GPRS
            CODE    0A25H     0026H     UNIT         ?PR?_DELAY_GSM?GPRS
            CODE    0A4BH     0025H     UNIT         ?PR?INIT_DS18B20?GPRS
            CODE    0A70H     0024H     UNIT         ?PR?READ_DS_BYTE?GPRS
            CODE    0A94H     0024H     UNIT         ?PR?ATNAME?GPRS
            CODE    0AB8H     0022H     UNIT         ?PR?_WRITECOMMANDLCM?GPRS
            CODE    0ADAH     0021H     UNIT         ?PR?CONFIG18B20?GPRS
            CODE    0AFBH     0020H     UNIT         ?PR?READONECHAR?GPRS
            CODE    0B1BH     001CH     UNIT         ?PR?LCD_WAIT?GPRS
            CODE    0B37H     001BH     UNIT         ?PR?_DISPLAYONECHAR?GPRS
            CODE    0B52H     0018H     UNIT         ?PR?_DELAY_LCM?GPRS
            CODE    0B6AH     0018H     UNIT         ?PR?ATE0?GPRS
            CODE    0B82H     0016H     UNIT         ?PR?AT_RST?GPRS
            CODE    0B98H     0016H     UNIT         ?PR?AT_CREG?GPRS
            CODE    0BAEH     0016H     UNIT         ?PR?AT_CMGF?GPRS
            CODE    0BC4H     0016H     UNIT         ?PR?AT_CMGR?GPRS
            CODE    0BDAH     0016H     UNIT         ?PR?AT_CMGD?GPRS
            CODE    0BF0H     0014H     UNIT         ?PR?INIT_SERIALCOM?GPRS
            CODE    0C04H     0012H     UNIT         ?PR?_SEND_UART?GPRS
            CODE    0C16H     0010H     UNIT         ?PR?INIT_T0?GPRS
            CODE    0C26H     000FH     UNIT         ?PR?_WIRTE_DS1302?GPRS
            CODE    0C35H     000BH     UNIT         ?PR?_READTIMEVALUE?GPRS
            CODE    0C40H     000BH     UNIT         ?PR?_DELAY1820?GPRS
            CODE    0C4BH     000BH     UNIT         ?PR?_DELAYUS?GPRS
            CODE    0C56H     000AH     UNIT         ?PR?_DELAY_1302?GPRS
            CODE    0C60H     0009H     UNIT         ?PR?TIME0_ISR?GPRS



OVERLAY MAP OF MODULE:   GPRS_51_TEST (?C_STARTUP)


SEGMENT                             DATA_GROUP 
  +--> CALLED SEGMENT             START    LENGTH
-------------------------------------------------
?C_C51STARTUP                     -----    -----
  +--> ?PR?MAIN?GPRS
  +--> ?C_INITSEG

?PR?MAIN?GPRS                     -----    -----
  +--> ?PR?INIT_SERIALCOM?GPRS
  +--> ?PR?INIT_T0?GPRS
  +--> ?PR?INITDS1302?GPRS
  +--> ?CO?GPRS
  +--> ?PR?_LCD?GPRS
  +--> ?PR?_DELAY_GSM?GPRS
  +--> ?PR?ATE0?GPRS
  +--> ?PR?LCD_SCREEN?GPRS
  +--> ?PR?SEND_MESSAGE?GPRS

?PR?INITDS1302?GPRS               -----    -----
  +--> ?PR?_WIRTE_DS1302?GPRS

?PR?_WIRTE_DS1302?GPRS            -----    -----
  +--> ?PR?_WRITE_DS_BYTE?GPRS

?PR?_WRITE_DS_BYTE?GPRS           -----    -----
BL51 BANKED LINKER/LOCATER V5.12                                                      03/30/2011  23:21:22  PAGE 3


  +--> ?PR?_DELAY_1302?GPRS

?PR?_LCD?GPRS                     0008H    0006H
  +--> ?PR?_DELAY_LCM?GPRS
  +--> ?PR?INITLCM?GPRS
  +--> ?PR?_DISPLAYLISTCHAR?GPRS

?PR?_DELAY_LCM?GPRS               -----    -----
  +--> ?PR?_DELAYUS?GPRS

?PR?INITLCM?GPRS                  -----    -----
  +--> ?PR?_WRITECOMMANDLCM?GPRS
  +--> ?PR?_DELAY_LCM?GPRS

?PR?_WRITECOMMANDLCM?GPRS         0015H    0001H
  +--> ?PR?_DELAY_LCM?GPRS
  +--> ?PR?LCD_WAIT?GPRS

?PR?_DISPLAYLISTCHAR?GPRS         000EH    0006H
  +--> ?PR?_DISPLAYONECHAR?GPRS

?PR?_DISPLAYONECHAR?GPRS          0014H    0001H
  +--> ?PR?_WRITECOMMANDLCM?GPRS
  +--> ?PR?_WRITEDATALCM?GPRS

?PR?_WRITEDATALCM?GPRS            0015H    0001H
  +--> ?PR?LCD_WAIT?GPRS

?PR?ATE0?GPRS                     -----    -----
  +--> ?CO?GPRS
  +--> ?PR?_SEND_UART?GPRS

?PR?LCD_SCREEN?GPRS               -----    -----
  +--> ?PR?READTEMPERATURE?GPRS
  +--> ?PR?_READTIMEVALUE?GPRS

?PR?READTEMPERATURE?GPRS          0008H    0004H
  +--> ?PR?CONFIG18B20?GPRS
  +--> ?PR?_WRITEONECHAR?GPRS
  +--> ?PR?_DELAY_1302?GPRS
  +--> ?PR?READONECHAR?GPRS

?PR?CONFIG18B20?GPRS              -----    -----
  +--> ?PR?_WRITEONECHAR?GPRS

?PR?_WRITEONECHAR?GPRS            -----    -----
  +--> ?PR?INIT_DS18B20?GPRS
  +--> ?PR?_DELAY1820?GPRS
  +--> ?PR?_DELAY_1302?GPRS

?PR?INIT_DS18B20?GPRS             -----    -----
  +--> ?PR?_DELAY1820?GPRS

?PR?READONECHAR?GPRS              -----    -----
  +--> ?PR?_DELAY1820?GPRS

?PR?_READTIMEVALUE?GPRS           -----    -----
BL51 BANKED LINKER/LOCATER V5.12                                                      03/30/2011  23:21:22  PAGE 4


  +--> ?PR?_WRITE_DS_BYTE?GPRS
  +--> ?PR?READ_DS_BYTE?GPRS

?PR?READ_DS_BYTE?GPRS             -----    -----
  +--> ?PR?_DELAY_1302?GPRS

?PR?SEND_MESSAGE?GPRS             -----    -----
  +--> ?PR?_DELAY_GSM?GPRS
  +--> ?CO?GPRS
  +--> ?PR?_LCD?GPRS
  +--> ?PR?ATE0?GPRS
  +--> ?PR?AT_CMGF?GPRS
  +--> ?PR?AT_CREG?GPRS
  +--> ?PR?AT_CSCA?GPRS
  +--> ?PR?ATNAME?GPRS
  +--> ?PR?AT_CMGR?GPRS
  +--> ?PR?AT_CMGS?GPRS

?PR?AT_CMGF?GPRS                  -----    -----
  +--> ?CO?GPRS
  +--> ?PR?_SEND_UART?GPRS

?PR?AT_CREG?GPRS                  -----    -----
  +--> ?CO?GPRS
  +--> ?PR?_SEND_UART?GPRS

?PR?AT_CSCA?GPRS                  -----    -----
  +--> ?CO?GPRS
  +--> ?PR?_SEND_UART?GPRS

?PR?ATNAME?GPRS                   -----    -----
  +--> ?CO?GPRS
  +--> ?PR?_SEND_UART?GPRS
  +--> ?PR?_DELAY_GSM?GPRS

?PR?AT_CMGR?GPRS                  -----    -----
  +--> ?CO?GPRS
  +--> ?PR?_SEND_UART?GPRS

?PR?AT_CMGS?GPRS                  -----    -----
  +--> ?CO?GPRS
  +--> ?PR?_SEND_UART?GPRS



SYMBOL TABLE OF MODULE:  GPRS_51_TEST (?C_STARTUP)

  VALUE           TYPE          NAME
  ----------------------------------

  -------         MODULE        ?C_STARTUP
  C:06C1H         SEGMENT       ?C_C51STARTUP
  I:006FH         SEGMENT       ?STACK
  C:0000H         PUBLIC        ?C_STARTUP
  D:00E0H         SYMBOL        ACC
  D:00F0H         SYMBOL        B
  D:0083H         SYMBOL        DPH
BL51 BANKED LINKER/LOCATER V5.12                                                      03/30/2011  23:21:22  PAGE 5


  D:0082H         SYMBOL        DPL
  N:0000H         SYMBOL        IBPSTACK
  N:0100H         SYMBOL        IBPSTACKTOP
  N:0080H         SYMBOL        IDATALEN
  C:06C4H         SYMBOL        IDATALOOP
  N:0000H         SYMBOL        PBPSTACK
  N:0000H         SYMBOL        PBPSTACKTOP
  N:0000H         SYMBOL        PDATALEN
  N:0000H         SYMBOL        PDATASTART
  N:0000H         SYMBOL        PPAGE
  N:0000H         SYMBOL        PPAGEENABLE
  D:00A0H         SYMBOL        PPAGE_SFR
  D:0081H         SYMBOL        SP
  C:06C1H         SYMBOL        STARTUP1
  N:0000H         SYMBOL        XBPSTACK
  N:0000H         SYMBOL        XBPSTACKTOP
  N:0000H         SYMBOL        XDATALEN
  N:0000H         SYMBOL        XDATASTART
  C:0000H         LINE#         92
  C:06C1H         LINE#         99
  C:06C3H         LINE#         100
  C:06C4H         LINE#         101
  C:06C5H         LINE#         102
  C:06C7H         LINE#         151
  C:06CAH         LINE#         155
  -------         ENDMOD        ?C_STARTUP

  -------         MODULE        GPRS
  C:0000H         SYMBOL        _ICE_DUMMY_
  D:0080H         PUBLIC        P0
  D:0090H         PUBLIC        P1
  C:0612H         PUBLIC        TC_ATE0
  D:00B0H         PUBLIC        P3
  C:09FDH         PUBLIC        serial
  C:0617H         PUBLIC        TC_ATE1
  B:00A8H.7       PUBLIC        EA
  D:0020H         PUBLIC        sum1
  C:0ADAH         PUBLIC        Config18b20
  C:0511H         PUBLIC        GSM_START1
  C:0B6AH         PUBLIC        ATE0
  C:0521H         PUBLIC        GSM_START2
  D:0022H         PUBLIC        str0
  D:0032H         PUBLIC        str1
  D:00A8H         PUBLIC        IE
  C:0AC3H         PUBLIC        _WriteCommandLCM
  C:0C60H         PUBLIC        Time0_ISR
  C:0919H         PUBLIC        AT_CSCA
  C:0BDAH         PUBLIC        AT_CMGD
  C:09DDH         PUBLIC        _WriteOneChar
  C:0373H         PUBLIC        SEND_MESSAGE
  C:0BAEH         PUBLIC        AT_CMGF
  C:0874H         PUBLIC        initLCM
  C:074DH         PUBLIC        ReadTemperature
  B:0090H.0       PUBLIC        DQ
  C:0B98H         PUBLIC        AT_CREG
  C:0C56H         PUBLIC        _delay_1302
  D:00B8H         PUBLIC        IP
BL51 BANKED LINKER/LOCATER V5.12                                                      03/30/2011  23:21:22  PAGE 6


  D:0042H         PUBLIC        read_flag
  B:0098H.0       PUBLIC        RI
  C:0A4BH         PUBLIC        Init_DS18B20
  B:0098H.1       PUBLIC        TI
  C:0BC4H         PUBLIC        AT_CMGR
  C:0979H         PUBLIC        AT_CMGS
  C:0AFBH         PUBLIC        ReadOneChar
  C:05D5H         PUBLIC        TC_ZXH1
  C:05BDH         PUBLIC        TC_ZXH2
  B:0090H.4       PUBLIC        DS_SCLK
  C:07C5H         PUBLIC        main
  C:05F9H         PUBLIC        TC_DQML
  C:0603H         PUBLIC        TC_SCML
  C:0C0EH         PUBLIC        _send_uart
  C:0571H         PUBLIC        ATCSCA_OK
  C:0C26H         PUBLIC        _Wirte_DS1302
  C:0541H         PUBLIC        ATCMGF_OK
  C:0B52H         PUBLIC        _delay_LCM
  D:0043H         PUBLIC        i_receive
  D:0099H         PUBLIC        SBUF
  D:0087H         PUBLIC        PCON
  C:05DEH         PUBLIC        TC_FSNR
  C:08EBH         PUBLIC        _LCD
  D:0098H         PUBLIC        SCON
  D:0089H         PUBLIC        TMOD
  D:0088H         PUBLIC        TCON
  B:0090H.6       PUBLIC        DS_REST
  C:0A94H         PUBLIC        ATNAME
  D:0044H         PUBLIC        temp
  C:0A2BH         PUBLIC        _delay_GSM
  C:0581H         PUBLIC        ATCMGS_OK
  C:0C40H         PUBLIC        _delay1820
  D:0046H         PUBLIC        TC35_CON
  D:0047H         PUBLIC        TC35_MAX
  C:000EH         PUBLIC        _WriteDataLCM
  D:0048H         PUBLIC        i_TC35
  B:00A8H.1       PUBLIC        ET0
  C:05E6H         PUBLIC        TC_WLZT
  D:0049H         PUBLIC        i_TC35_RECE
  C:05EFH         PUBLIC        TC_MSXZ
  C:0B1BH         PUBLIC        lcd_wait
  D:008CH         PUBLIC        TH0
  D:008DH         PUBLIC        TH1
  B:00B0H.4       PUBLIC        LCM_EN
  D:008AH         PUBLIC        TL0
  C:060DH         PUBLIC        TC_ATF
  C:0531H         PUBLIC        ATE_OK
  D:004AH         PUBLIC        sum
  B:0088H.4       PUBLIC        TR0
  B:0088H.6       PUBLIC        TR1
  C:05CCH         PUBLIC        TC_MDSJ1
  C:0501H         PUBLIC        GSM_START
  C:05B1H         PUBLIC        TC_MDSJ2
  D:004CH         PUBLIC        C_TEMP
  C:08ADH         PUBLIC        _DisplayListChar
  C:0C4BH         PUBLIC        _delayus
  C:0BF0H         PUBLIC        init_serialcom
BL51 BANKED LINKER/LOCATER V5.12                                                      03/30/2011  23:21:22  PAGE 7


  C:0950H         PUBLIC        _Write_DS_Byte
  C:0B37H         PUBLIC        _DisplayOneChar
  D:004DH         PUBLIC        a
  D:004EH         PUBLIC        b
  D:004FH         PUBLIC        c
  B:00B0H.2       PUBLIC        LCM_RS
  D:0050H         PUBLIC        d
  C:0551H         PUBLIC        ATCREG1_OK
  B:0090H.3       PUBLIC        IGT
  C:0561H         PUBLIC        ATCREG2_OK
  B:00B0H.3       PUBLIC        LCM_RW
  B:0090H.5       PUBLIC        DS_SDATA
  D:00C8H         PUBLIC        T2CON
  C:0A70H         PUBLIC        Read_DS_Byte
  C:0B82H         PUBLIC        AT_RST
  C:05A1H         PUBLIC        ATGSM_FL
  C:0C35H         PUBLIC        _ReadTimeValue
  C:0835H         PUBLIC        InitDS1302
  C:061CH         PUBLIC        LCD_SCREEN
  D:0051H         PUBLIC        TC35_RE
  C:0591H         PUBLIC        ATGSM_OK
  C:0C16H         PUBLIC        Init_T0
  D:00D0H         PUBLIC        PSW
  -------         PROC          _DELAY_1302
  D:0006H         SYMBOL        cnt
  C:0C56H         LINE#         27
  C:0C56H         LINE#         28
  C:0C56H         LINE#         29
  C:0C5FH         LINE#         30
  -------         ENDPROC       _DELAY_1302
  -------         PROC          L?0179
  -------         ENDPROC       L?0179
  -------         PROC          _WRITE_DS_BYTE
  D:0005H         SYMBOL        DS_Byte
  -------         DO            
  D:0004H         SYMBOL        i
  -------         ENDDO         
  C:0950H         LINE#         31
  C:0952H         LINE#         32
  C:0952H         LINE#         33
  C:0954H         LINE#         34
  C:0954H         LINE#         35
  C:0954H         LINE#         36
  C:0958H         LINE#         37
  C:095CH         LINE#         39
  C:095EH         LINE#         40
  C:0965H         LINE#         41
  C:0967H         LINE#         42
  C:096EH         LINE#         43
  C:0970H         LINE#         44
  C:0974H         LINE#         45
  C:0978H         LINE#         46
  -------         ENDPROC       _WRITE_DS_BYTE
  -------         PROC          _WIRTE_DS1302
  D:0007H         SYMBOL        DS_Addr
  D:0003H         SYMBOL        DS_Data
  C:0C26H         LINE#         47
BL51 BANKED LINKER/LOCATER V5.12                                                      03/30/2011  23:21:22  PAGE 8


  C:0C28H         LINE#         48
  C:0C28H         LINE#         49
  C:0C28H         LINE#         50
  C:0C28H         LINE#         51
  C:0C28H         LINE#         52
  C:0C2BH         LINE#         53
  C:0C30H         LINE#         54
  C:0C32H         LINE#         55
  C:0C34H         LINE#         56
  -------         ENDPROC       _WIRTE_DS1302
  -------         PROC          READ_DS_BYTE
  -------         DO            
  D:0005H         SYMBOL        i
  D:0004H         SYMBOL        ClockValue
  -------         ENDDO         
  C:0A70H         LINE#         57
  C:0A70H         LINE#         58
  C:0A70H         LINE#         59
  C:0A72H         LINE#         60
  C:0A73H         LINE#         62
  C:0A73H         LINE#         63
  C:0A73H         LINE#         64
  C:0A76H         LINE#         65
  C:0A76H         LINE#         66
  C:0A79H         LINE#         67
  C:0A7BH         LINE#         69
  C:0A7BH         LINE#         70
  C:0A7EH         LINE#         71
  C:0A7EH         LINE#         72
  C:0A82H         LINE#         73
  C:0A84H         LINE#         74
  C:0A8BH         LINE#         75
  C:0A8DH         LINE#         76
  C:0A91H         LINE#         77
  C:0A93H         LINE#         78
  -------         ENDPROC       READ_DS_BYTE
  -------         PROC          _READTIMEVALUE
  D:0007H         SYMBOL        DS_Addr
  -------         DO            
  D:0007H         SYMBOL        Value
  -------         ENDDO         
  C:0C35H         LINE#         79
  C:0C35H         LINE#         80
  C:0C35H         LINE#         82
  C:0C35H         LINE#         83
  C:0C35H         LINE#         84
  C:0C35H         LINE#         85
  C:0C38H         LINE#         86
  C:0C3BH         LINE#         87
  C:0C3DH         LINE#         88
  C:0C3FH         LINE#         89
  C:0C3FH         LINE#         90
  -------         ENDPROC       _READTIMEVALUE
  -------         PROC          INITDS1302
  C:0835H         LINE#         92
  C:0835H         LINE#         93
  C:0835H         LINE#         94
BL51 BANKED LINKER/LOCATER V5.12                                                      03/30/2011  23:21:22  PAGE 9


  C:083CH         LINE#         95
  C:0843H         LINE#         96
  C:084AH         LINE#         97
  C:0851H         LINE#         98
  C:0858H         LINE#         99
  C:085FH         LINE#         100
  C:0866H         LINE#         101
  C:086DH         LINE#         102
  -------         ENDPROC       INITDS1302
  -------         PROC          _DELAY1820
  D:0006H         SYMBOL        i
  C:0C40H         LINE#         12
  C:0C40H         LINE#         13
  C:0C40H         LINE#         14
  C:0C4AH         LINE#         15
  -------         ENDPROC       _DELAY1820
  -------         PROC          INIT_DS18B20
  C:0A4BH         LINE#         17
  C:0A4BH         LINE#         18
  C:0A4BH         LINE#         20
  C:0A4DH         LINE#         21
  C:0A54H         LINE#         22
  C:0A56H         LINE#         23
  C:0A5DH         LINE#         24
  C:0A5FH         LINE#         25
  C:0A66H         LINE#         27
  C:0A6DH         LINE#         28
  C:0A6FH         LINE#         29
  -------         ENDPROC       INIT_DS18B20
  -------         PROC          READONECHAR
  -------         DO            
  D:0005H         SYMBOL        i
  D:0003H         SYMBOL        dat
  -------         ENDDO         
  C:0AFBH         LINE#         32
  C:0AFBH         LINE#         33
  C:0AFBH         LINE#         34
  C:0AFCH         LINE#         35
  C:0AFDH         LINE#         37
  C:0AFFH         LINE#         38
  C:0AFFH         LINE#         39
  C:0B01H         LINE#         40
  C:0B05H         LINE#         41
  C:0B07H         LINE#         42
  C:0B0AH         LINE#         43
  C:0B0DH         LINE#         44
  C:0B14H         LINE#         45
  C:0B16H         LINE#         46
  C:0B1AH         LINE#         47
  -------         ENDPROC       READONECHAR
  C:09D8H         SYMBOL        L?0175
  -------         PROC          L?0174
  -------         ENDPROC       L?0174
  C:09D8H         SYMBOL        L?0175
  -------         PROC          _WRITEONECHAR
  D:0005H         SYMBOL        dat
  -------         DO            
BL51 BANKED LINKER/LOCATER V5.12                                                      03/30/2011  23:21:22  PAGE 10


  D:0003H         SYMBOL        i
  -------         ENDDO         
  C:09DDH         LINE#         50
  C:09DFH         LINE#         51
  C:09DFH         LINE#         52
  C:09DFH         LINE#         54
  C:09E1H         LINE#         55
  C:09E1H         LINE#         56
  C:09E3H         LINE#         57
  C:09E7H         LINE#         58
  C:09EEH         LINE#         59
  C:09F0H         LINE#         60
  C:09F4H         LINE#         61
  C:09F6H         LINE#         62
  -------         ENDPROC       _WRITEONECHAR
  -------         PROC          CONFIG18B20
  C:0ADAH         LINE#         65
  C:0ADAH         LINE#         66
  C:0ADAH         LINE#         67
  C:0ADAH         LINE#         68
  C:0ADDH         LINE#         69
  C:0AE2H         LINE#         70
  C:0AE7H         LINE#         71
  C:0AECH         LINE#         72
  C:0AEEH         LINE#         73
  C:0AEEH         LINE#         74
  C:0AF1H         LINE#         75
  C:0AF3H         LINE#         76
  C:0AF3H         LINE#         77
  C:0AF6H         LINE#         78
  -------         ENDPROC       CONFIG18B20
  -------         PROC          READTEMPERATURE
  -------         DO            
  D:0002H         SYMBOL        a
  D:0007H         SYMBOL        b
  D:0004H         SYMBOL        t
  D:0008H         SYMBOL        tt
  D:0082H         SYMBOL        g
  -------         ENDDO         
  C:074DH         LINE#         81
  C:074DH         LINE#         82
  C:074DH         LINE#         83
  C:074FH         LINE#         84
  C:0750H         LINE#         85
  C:0752H         LINE#         86
  C:075AH         LINE#         87
  C:075EH         LINE#         88
  C:0761H         LINE#         89
  C:0761H         LINE#         90
  C:0764H         LINE#         91
  C:0769H         LINE#         92
  C:0770H         LINE#         93
  C:0770H         LINE#         94
  C:0773H         LINE#         95
  C:0778H         LINE#         96
  C:077DH         LINE#         97
  C:0780H         LINE#         98
BL51 BANKED LINKER/LOCATER V5.12                                                      03/30/2011  23:21:22  PAGE 11


  C:0782H         LINE#         100
  C:0784H         LINE#         101
  C:0786H         LINE#         102
  C:078AH         LINE#         103
  C:07A2H         LINE#         104
  C:07C4H         LINE#         105
  C:07C4H         LINE#         106
  -------         ENDPROC       READTEMPERATURE
  -------         PROC          _DELAYUS
  D:0006H         SYMBOL        delay
  C:0C4BH         LINE#         18
  C:0C4BH         LINE#         19
  C:0C55H         LINE#         20
  -------         ENDPROC       _DELAYUS
  -------         PROC          _DELAY_LCM
  D:0002H         SYMBOL        delay
  C:0B52H         LINE#         22
  C:0B56H         LINE#         23
  C:0B60H         LINE#         24
  C:0B69H         LINE#         25
  -------         ENDPROC       _DELAY_LCM
  C:0ABCH         SYMBOL        L?0177
  -------         PROC          L?0176
  -------         ENDPROC       L?0176
  C:0ABCH         SYMBOL        L?0177
  -------         PROC          _WRITECOMMANDLCM
  D:0015H         SYMBOL        WCLCM
  D:0005H         SYMBOL        BusyC
  C:0AC3H         LINE#         27
  C:0AC5H         LINE#         28
  C:0AC5H         LINE#         29
  C:0ACBH         LINE#         30
  C:0ACEH         LINE#         31
  C:0AD0H         LINE#         32
  C:0AD2H         LINE#         33
  C:0AD4H         LINE#         34
  C:0AD5H         LINE#         35
  C:0AD6H         LINE#         36
  C:0AD7H         LINE#         37
  C:0AD9H         LINE#         38
  -------         ENDPROC       _WRITECOMMANDLCM
  -------         PROC          _WRITEDATALCM
  D:0015H         SYMBOL        WDLCM
  C:000EH         LINE#         40
  C:0010H         LINE#         41
  C:0010H         LINE#         42
  C:0013H         LINE#         43
  C:0016H         LINE#         44
  C:0018H         LINE#         45
  C:001AH         LINE#         46
  C:001CH         LINE#         47
  C:001DH         LINE#         48
  C:001EH         LINE#         49
  C:001FH         LINE#         50
  C:0021H         LINE#         51
  -------         ENDPROC       _WRITEDATALCM
  -------         PROC          LCD_WAIT
BL51 BANKED LINKER/LOCATER V5.12                                                      03/30/2011  23:21:22  PAGE 12


  C:0B1BH         LINE#         53
  C:0B1BH         LINE#         54
  C:0B1BH         LINE#         55
  C:0B1EH         LINE#         56
  C:0B20H         LINE#         57
  C:0B22H         LINE#         58
  C:0B24H         LINE#         59
  C:0B25H         LINE#         60
  C:0B2AH         LINE#         61
  C:0B2CH         LINE#         62
  C:0B2DH         LINE#         63
  C:0B2EH         LINE#         64
  C:0B30H         LINE#         65
  C:0B31H         LINE#         66
  C:0B32H         LINE#         67
  C:0B34H         LINE#         68
  C:0B36H         LINE#         70
  -------         ENDPROC       LCD_WAIT
  -------         PROC          INITLCM
  C:0874H         LINE#         72
  C:0874H         LINE#         73
  C:0874H         LINE#         74
  C:0877H         LINE#         75
  C:087AH         LINE#         76
  C:087DH         LINE#         77
  C:087DH         LINE#         78
  C:0880H         LINE#         79
  C:0880H         LINE#         80
  C:0883H         LINE#         81
  C:088AH         LINE#         83
  C:0891H         LINE#         84
  C:0898H         LINE#         85
  C:089FH         LINE#         86
  C:08A6H         LINE#         87
  -------         ENDPROC       INITLCM
  -------         PROC          _DISPLAYONECHAR
  D:0007H         SYMBOL        X
  D:0005H         SYMBOL        Y
  D:0014H         SYMBOL        DData
  C:0B37H         LINE#         90
  C:0B39H         LINE#         91
  C:0B39H         LINE#         92
  C:0B3CH         LINE#         93
  C:0B3FH         LINE#         94
  C:0B45H         LINE#         95
  C:0B48H         LINE#         96
  C:0B4DH         LINE#         97
  -------         ENDPROC       _DISPLAYONECHAR
  -------         PROC          _DISPLAYLISTCHAR
  D:000EH         SYMBOL        X
  D:000FH         SYMBOL        Y
  D:0010H         SYMBOL        DData
  -------         DO            
  D:0013H         SYMBOL        ListLength
  -------         ENDDO         
  C:08ADH         LINE#         100
  C:08B7H         LINE#         101
BL51 BANKED LINKER/LOCATER V5.12                                                      03/30/2011  23:21:22  PAGE 13


  C:08B7H         LINE#         102
  C:08BAH         LINE#         103
  C:08BDH         LINE#         104
  C:08C0H         LINE#         105
  C:08C7H         LINE#         106
  C:08C7H         LINE#         107
  C:08DEH         LINE#         108
  C:08E0H         LINE#         109
  C:08E2H         LINE#         110
  C:08E4H         LINE#         111
  -------         ENDPROC       _DISPLAYLISTCHAR
  C:08E5H         SYMBOL        L?0172
  C:08E7H         SYMBOL        L?0173
  -------         PROC          L?0171
  -------         ENDPROC       L?0171
  C:08E5H         SYMBOL        L?0172
  C:08E7H         SYMBOL        L?0173
  -------         PROC          _LCD
  D:0008H         SYMBOL        Frist_line
  D:000BH         SYMBOL        Second_line
  C:08EBH         LINE#         113
  C:08F1H         LINE#         114
  C:08F1H         LINE#         115
  C:08F3H         LINE#         118
  C:08FAH         LINE#         119
  C:08FDH         LINE#         120
  C:0909H         LINE#         121
  C:0916H         LINE#         122
  C:0918H         LINE#         123
  -------         ENDPROC       _LCD
  -------         PROC          L?0178
  -------         ENDPROC       L?0178
  -------         PROC          _DELAY_GSM
  D:0006H         SYMBOL        i
  -------         DO            
  D:0004H         SYMBOL        i_delay
  D:0002H         SYMBOL        j_delay
  -------         ENDDO         
  C:0A2BH         LINE#         37
  C:0A2BH         LINE#         38
  C:0A2BH         LINE#         39
  C:0A35H         LINE#         40
  C:0A38H         LINE#         41
  C:0A4AH         LINE#         42
  -------         ENDPROC       _DELAY_GSM
  -------         PROC          INIT_SERIALCOM
  C:0BF0H         LINE#         43
  C:0BF0H         LINE#         44
  C:0BF0H         LINE#         45
  C:0BF3H         LINE#         47
  C:0BF6H         LINE#         49
  C:0BF9H         LINE#         50
  C:0BFCH         LINE#         51
  C:0BFFH         LINE#         52
  C:0C01H         LINE#         53
  C:0C03H         LINE#         55
  -------         ENDPROC       INIT_SERIALCOM
BL51 BANKED LINKER/LOCATER V5.12                                                      03/30/2011  23:21:22  PAGE 14


  C:0C04H         SYMBOL        L?0169
  C:0C09H         SYMBOL        L?0170
  -------         PROC          L?0168
  -------         ENDPROC       L?0168
  C:0C04H         SYMBOL        L?0169
  C:0C09H         SYMBOL        L?0170
  -------         PROC          _SEND_UART
  D:0007H         SYMBOL        a_s
  C:0C0EH         LINE#         58
  C:0C0EH         LINE#         59
  C:0C0EH         LINE#         61
  C:0C11H         LINE#         62
  C:0C13H         LINE#         63
  C:0C15H         LINE#         65
  -------         ENDPROC       _SEND_UART
  -------         PROC          SERIAL
  C:09FDH         LINE#         67
  C:0A04H         LINE#         69
  C:0A07H         LINE#         70
  C:0A07H         LINE#         71
  C:0A09H         LINE#         72
  C:0A0CH         LINE#         73
  C:0A16H         LINE#         75
  C:0A20H         LINE#         77
  C:0A20H         LINE#         78
  -------         ENDPROC       SERIAL
  -------         PROC          ATE0
  -------         DO            
  D:0006H         SYMBOL        i
  -------         ENDDO         
  C:0B6AH         LINE#         81
  C:0B6AH         LINE#         82
  C:0B6AH         LINE#         84
  C:0B6CH         LINE#         85
  C:0B79H         LINE#         86
  C:0B7BH         LINE#         87
  C:0B7EH         LINE#         88
  C:0B81H         LINE#         90
  -------         ENDPROC       ATE0
  -------         PROC          ATNAME
  -------         DO            
  D:0006H         SYMBOL        i
  -------         ENDDO         
  C:0A94H         LINE#         91
  C:0A94H         LINE#         92
  C:0A94H         LINE#         94
  C:0A96H         LINE#         95
  C:0AA3H         LINE#         96
  C:0AAAH         LINE#         97
  C:0AAFH         LINE#         98
  C:0AB1H         LINE#         99
  C:0AB4H         LINE#         100
  C:0AB7H         LINE#         101
  -------         ENDPROC       ATNAME
  -------         PROC          AT_CMGS
  -------         DO            
  D:0006H         SYMBOL        i
BL51 BANKED LINKER/LOCATER V5.12                                                      03/30/2011  23:21:22  PAGE 15


  -------         ENDDO         
  C:0979H         LINE#         103
  C:0979H         LINE#         104
  C:0979H         LINE#         106
  C:097BH         LINE#         107
  C:0988H         LINE#         109
  C:098DH         LINE#         110
  C:098FH         LINE#         111
  C:099CH         LINE#         113
  C:09A1H         LINE#         114
  C:09A1H         LINE#         115
  C:09A1H         LINE#         116
  C:09A4H         LINE#         117
  C:09A7H         LINE#         118
  -------         ENDPROC       AT_CMGS
  -------         PROC          AT_CSCA
  -------         DO            
  D:0006H         SYMBOL        i
  -------         ENDDO         
  C:0919H         LINE#         120
  C:0919H         LINE#         121
  C:0919H         LINE#         123
  C:091BH         LINE#         124
  C:0928H         LINE#         125
  C:092DH         LINE#         126
  C:092FH         LINE#         127
  C:093CH         LINE#         129
  C:0941H         LINE#         131
  C:0943H         LINE#         132
  C:0946H         LINE#         133
  C:0949H         LINE#         134
  -------         ENDPROC       AT_CSCA
  -------         PROC          AT_RST
  -------         DO            
  D:0006H         SYMBOL        i
  -------         ENDDO         
  C:0B82H         LINE#         136
  C:0B82H         LINE#         137
  C:0B82H         LINE#         139
  C:0B84H         LINE#         140
  C:0B91H         LINE#         141
  C:0B91H         LINE#         142
  C:0B91H         LINE#         143
  C:0B94H         LINE#         144
  C:0B97H         LINE#         145
  -------         ENDPROC       AT_RST
  -------         PROC          AT_CREG
  -------         DO            
  D:0006H         SYMBOL        i
  -------         ENDDO         
  C:0B98H         LINE#         147
  C:0B98H         LINE#         148
  C:0B98H         LINE#         150
  C:0B9AH         LINE#         151
  C:0BA7H         LINE#         152
  C:0BA7H         LINE#         153
  C:0BA7H         LINE#         154
BL51 BANKED LINKER/LOCATER V5.12                                                      03/30/2011  23:21:22  PAGE 16


  C:0BAAH         LINE#         155
  C:0BADH         LINE#         156
  -------         ENDPROC       AT_CREG
  -------         PROC          AT_CMGF
  -------         DO            
  D:0006H         SYMBOL        i
  -------         ENDDO         
  C:0BAEH         LINE#         158
  C:0BAEH         LINE#         159
  C:0BAEH         LINE#         161
  C:0BB0H         LINE#         162
  C:0BBDH         LINE#         163
  C:0BBDH         LINE#         164
  C:0BBDH         LINE#         165
  C:0BC0H         LINE#         166
  C:0BC3H         LINE#         167
  -------         ENDPROC       AT_CMGF
  -------         PROC          AT_CMGR
  -------         DO            
  D:0006H         SYMBOL        i
  -------         ENDDO         
  C:0BC4H         LINE#         169
  C:0BC4H         LINE#         170
  C:0BC4H         LINE#         172
  C:0BC6H         LINE#         173
  C:0BD3H         LINE#         174
  C:0BD3H         LINE#         175
  C:0BD3H         LINE#         176
  C:0BD6H         LINE#         177
  C:0BD9H         LINE#         178
  -------         ENDPROC       AT_CMGR
  -------         PROC          AT_CMGD
  -------         DO            
  D:0006H         SYMBOL        i
  -------         ENDDO         
  C:0BDAH         LINE#         180
  C:0BDAH         LINE#         181
  C:0BDAH         LINE#         183
  C:0BDCH         LINE#         184
  C:0BE9H         LINE#         185
  C:0BE9H         LINE#         186
  C:0BE9H         LINE#         187
  C:0BECH         LINE#         188
  C:0BEFH         LINE#         189
  -------         ENDPROC       AT_CMGD
  -------         PROC          SEND_MESSAGE
  C:0373H         LINE#         192
  C:0373H         LINE#         193
  C:037AH         LINE#         194
  C:0384H         LINE#         195
  C:0384H         LINE#         196
  C:038AH         LINE#         197
  C:0394H         LINE#         198
  C:0394H         LINE#         199
  C:03A0H         LINE#         200
  C:03A0H         LINE#         201
  C:03A3H         LINE#         202
BL51 BANKED LINKER/LOCATER V5.12                                                      03/30/2011  23:21:22  PAGE 17


  C:03A5H         LINE#         204
  C:03ACH         LINE#         205
  C:03AFH         LINE#         206
  C:03AFH         LINE#         207
  C:03B2H         LINE#         208
  C:03B8H         LINE#         210
  C:03C2H         LINE#         211
  C:03C2H         LINE#         212
  C:03CEH         LINE#         213
  C:03CEH         LINE#         214
  C:03D1H         LINE#         215
  C:03D3H         LINE#         216
  C:03D6H         LINE#         218
  C:03D9H         LINE#         219
  C:03DFH         LINE#         220
  C:03F4H         LINE#         221
  C:0400H         LINE#         222
  C:0403H         LINE#         223
  C:0405H         LINE#         224
  C:0405H         LINE#         225
  C:0411H         LINE#         226
  C:0414H         LINE#         227
  C:0417H         LINE#         228
  C:0420H         LINE#         230
  C:0426H         LINE#         231
  C:0426H         LINE#         232
  C:042CH         LINE#         233
  C:0436H         LINE#         234
  C:0436H         LINE#         235
  C:0442H         LINE#         236
  C:0445H         LINE#         237
  C:0448H         LINE#         238
  C:044BH         LINE#         240
  C:0450H         LINE#         241
  C:0459H         LINE#         242
  C:045CH         LINE#         243
  C:045FH         LINE#         246
  C:0465H         LINE#         248
  C:046BH         LINE#         249
  C:0475H         LINE#         250
  C:0475H         LINE#         251
  C:0481H         LINE#         252
  C:0484H         LINE#         253
  C:048FH         LINE#         254
  C:048FH         LINE#         255
  C:0491H         LINE#         257
  C:0497H         LINE#         258
  C:049DH         LINE#         259
  C:04A2H         LINE#         260
  C:04AEH         LINE#         261
  C:04B1H         LINE#         262
  C:04BBH         LINE#         263
  C:04BDH         LINE#         264
  C:04BDH         LINE#         265
  C:04C0H         LINE#         266
  C:04CEH         LINE#         267
  C:04D1H         LINE#         268
BL51 BANKED LINKER/LOCATER V5.12                                                      03/30/2011  23:21:22  PAGE 18


  C:04D3H         LINE#         269
  C:04E0H         LINE#         270
  C:04EAH         LINE#         271
  C:04EAH         LINE#         273
  C:04EDH         LINE#         274
  C:04FBH         LINE#         275
  C:04FEH         LINE#         276
  C:0500H         LINE#         277
  C:0500H         LINE#         278
  -------         ENDPROC       SEND_MESSAGE
  -------         PROC          INIT_T0
  C:0C16H         LINE#         62
  C:0C16H         LINE#         63
  C:0C16H         LINE#         64
  C:0C19H         LINE#         65
  C:0C1CH         LINE#         66
  C:0C1FH         LINE#         67
  C:0C21H         LINE#         68
  C:0C23H         LINE#         69
  C:0C25H         LINE#         70
  -------         ENDPROC       INIT_T0
  -------         PROC          TIME0_ISR
  C:0C60H         LINE#         71
  C:0C60H         LINE#         73
  C:0C63H         LINE#         74
  C:0C66H         LINE#         75
  C:0C68H         LINE#         77
  -------         ENDPROC       TIME0_ISR
  -------         PROC          LCD_SCREEN
  C:061CH         LINE#         79
  C:061CH         LINE#         80
  C:0626H         LINE#         81
  C:062DH         LINE#         82
  C:0634H         LINE#         83
  C:063BH         LINE#         84
  C:0642H         LINE#         85
  C:064BH         LINE#         86
  C:0653H         LINE#         87
  C:065CH         LINE#         88
  C:0664H         LINE#         89
  C:066DH         LINE#         90
  C:0675H         LINE#         91
  C:068DH         LINE#         92
  C:0697H         LINE#         93
  C:06A1H         LINE#         94
  C:06ADH         LINE#         95
  C:06BDH         LINE#         96
  C:06C0H         LINE#         98
  C:06C0H         LINE#         99
  -------         ENDPROC       LCD_SCREEN
  -------         PROC          MAIN
  C:07C5H         LINE#         109
  C:07C5H         LINE#         110
  C:07C5H         LINE#         112
  C:07C8H         LINE#         113
  C:07CBH         LINE#         114
  C:07CEH         LINE#         116
BL51 BANKED LINKER/LOCATER V5.12                                                      03/30/2011  23:21:22  PAGE 19


  C:07DAH         LINE#         117
  C:07E1H         LINE#         118
  C:07E3H         LINE#         119
  C:07E6H         LINE#         120
  C:07E8H         LINE#         121
  C:07F4H         LINE#         122
  C:07FBH         LINE#         123
  C:07FEH         LINE#         124
  C:0801H         LINE#         125
  C:0808H         LINE#         126
  C:0814H         LINE#         127
  C:0817H         LINE#         128
  C:0825H         LINE#         129
  C:0828H         LINE#         130
  C:082AH         LINE#         131
  C:082DH         LINE#         132
  C:082DH         LINE#         133
  C:082DH         LINE#         136
  C:0830H         LINE#         137
  C:0833H         LINE#         138
  -------         ENDPROC       MAIN
  -------         ENDMOD        GPRS

  -------         MODULE        ?C?FPADD
  C:002DH         PUBLIC        ?C?FPADD
  C:0029H         PUBLIC        ?C?FPSUB
  -------         ENDMOD        ?C?FPADD

  -------         MODULE        ?C?FPMUL
  C:011EH         PUBLIC        ?C?FPMUL
  -------         ENDMOD        ?C?FPMUL

  -------         MODULE        ?C?FCAST
  C:022EH         PUBLIC        ?C?FCASTC
  C:0229H         PUBLIC        ?C?FCASTI
  C:0224H         PUBLIC        ?C?FCASTL
  -------         ENDMOD        ?C?FCAST

  -------         MODULE        ?C?CASTF
  C:0262H         PUBLIC        ?C?CASTF
  -------         ENDMOD        ?C?CASTF

  -------         MODULE        ?C?CLDOPTR
  C:02E3H         PUBLIC        ?C?CLDOPTR
  -------         ENDMOD        ?C?CLDOPTR

  -------         MODULE        ?C?UIDIV
  C:0310H         PUBLIC        ?C?UIDIV
  -------         ENDMOD        ?C?UIDIV

  -------         MODULE        ?C?LNEG
  C:0365H         PUBLIC        ?C?LNEG
  -------         ENDMOD        ?C?LNEG

*** WARNING L16: UNCALLED SEGMENT, IGNORED FOR OVERLAY PROCESS
    SEGMENT: ?PR?AT_RST?GPRS

BL51 BANKED LINKER/LOCATER V5.12                                                      03/30/2011  23:21:22  PAGE 20


*** WARNING L16: UNCALLED SEGMENT, IGNORED FOR OVERLAY PROCESS
    SEGMENT: ?PR?AT_CMGD?GPRS

Program Size: data=110.0 xdata=0 code=3168
LINK/LOCATE RUN COMPLETE.  2 WARNING(S),  0 ERROR(S)
