C51 COMPILER V7.50   IOCHAR                                                                03/28/2011 21:51:52 PAGE 1   


C51 COMPILER V7.50, COMPILATION OF MODULE IOCHAR
OBJECT MODULE PLACED IN iochar.OBJ
COMPILER INVOKED BY: d:\Keil\C51\BIN\C51.EXE iochar.c BROWSE DEBUG OBJECTEXTEND

line level    source

   1          #include <reg52.h>
   2          #include <string.h>
   3          sbit p2_0=P2^0;  //用于单片机的串口收到模块信息时，用LED显示
   4          sbit p1_4=P1^4;  //用于单片机的串口收到模块信息时，确定收到信息的内容
   5          sbit P0_0=P0^0;
   6          sbit P0_1=P0^1;
   7          unsigned char ctrlz=0x1a;//短信息结束符ctrl＋z
   8          unsigned char ATH[]="ATH\r";  //挂断电话指令
   9          unsigned char ATD[]="ATD02228214113;\r";  //打电话指令
  10          unsigned char CMGF_1[]="AT+CMGF=1\r";   //设置短消息为英文方式
  11          unsigned char CSCA[]="AT+CSCA=\"+8613010761500\"\r";  //设置短信中心号码
  12          unsigned char CMGS[]="AT+CMGS=\"13462405067\"\r";       //拨打的电话号码
  13          
  14           
  15          unsigned char str[20];
  16           unsigned char count=0;
  17           unsigned char flag=0;
  18           //unsigned char choice=0;
  19          
  20          void Delay_xMs(unsigned long int x)
  21          {
  22   1          unsigned int i,j;
  23   1          for( i =0;i < x;i++ )
  24   1          {
  25   2              for( j =0;j<3;j++ );
  26   2          }
  27   1      }
  28          void send_modem_string(unsigned char *modem_string)//指令字符串发送指令
  29          {
  30   1        while(*modem_string)
  31   1            {
  32   2                  SBUF = *modem_string;
  33   2                  while(TI==0);
  34   2                      TI=0;
  35   2                  modem_string++;
  36   2                }
  37   1      }
  38          
  39          void send_SMS_english()//发送英文短信息函数，P0。1为低电平时有效，即执行该函数
  40          {
  41   1         send_modem_string(CMGF_1); //发送AT+CMGF=1指令,短信为英文
  42   1         Delay_xMs(1000);
  43   1         send_modem_string(CSCA);//发送AT+CSCA="+8613010761500"指令，设置短信息中心号码
  44   1         Delay_xMs(1000);
  45   1         send_modem_string(CMGS); //发送AT+CMGS=15939187275指令，设置短信息发送到的手机号码
  46   1         Delay_xMs(1000);
  47   1         send_modem_string("The highest temperature is");//发送短信息内容，但没有ctrl＋z结束符
  48   1         send_modem_string("13 ^C");
  49   1      //   SBUF=0x5F;//
  50   1      //   while(TI==0);
  51   1       //  TI=0;
  52   1       //  SBUF=0x53;//
  53   1       //  while(TI==0);
  54   1       //  TI=0;
  55   1      
C51 COMPILER V7.50   IOCHAR                                                                03/28/2011 21:51:52 PAGE 2   

  56   1         SBUF=ctrlz;//发送短信息结束符ctrl＋z,这是必须的。
  57   1         while(TI==0);
  58   1         TI=0;
  59   1      }
  60          
  61          
  62          void serial_recieve(unsigned char a)
  63          {
  64   1          while(RI==1)
  65   1                      {
  66   2                         RI=0;
  67   2                         str[count]=SBUF;
  68   2                         count++;
  69   2                         while((RI==0)&(count<a));//单片机接受数据的缓冲时间，如果没有时间缓冲，则无法正常接受模块发送给单片
             -机的反馈信息。
  70   2                      }
  71   1              count=0;
  72   1      
  73   1          //Delay_xMs(1000);
  74   1      
  75   1      
  76   1      //      return 1;
  77   1      }
  78          
  79          void main()
  80          {
  81   1        ///////功能:串口初始化,波特率115200(9600)，方式1///////
  82   1        TMOD = 0x20;
  83   1        PCON = 0x00;
  84   1        SCON = 0x50;
  85   1        TH1 = 0xf3;
  86   1        TL1 = 0xf3;
  87   1        TR1 = 1;
  88   1        // EA=1;     //开CPU中断和串行口中断
  89   1       // ES=1;
  90   1      
  91   1      
  92   1        Delay_xMs(1000);
  93   1      
  94   1        send_modem_string(ATD);   //打电话
  95   1      
  96   1      
  97   1        while(1)
  98   1         {
  99   2            while(RI==1)  //一旦收到模块的返回信息，点亮P2.0端口的LED 1000ms后熄灭
 100   2                   {
 101   3                        p2_0=0;
 102   3                        Delay_xMs(1000);
 103   3                        p2_0=1;
 104   3                        RI = 0;
 105   3                       }
 106   2                //P0_0=0;
 107   2            if(P0_0==0)
 108   2              {
 109   3                   send_modem_string(ATH);//断开电话通话连接
 110   3                   serial_recieve(8);//函数参数应该（大于等于（发送字符数（3）＋5））且小于等于（（发送字符数（3）＋7）
             -）
 111   3               if((str[6]=='O')&(str[7]=='K'))
 112   3                         {              //此处添加断开电话成功时，屏幕上显示'断开成功'的信息
 113   4                          p1_4=0;
 114   4                          Delay_xMs(1000);
 115   4                          p1_4=1;
C51 COMPILER V7.50   IOCHAR                                                                03/28/2011 21:51:52 PAGE 3   

 116   4                     }
 117   3                       else
 118   3                         {
 119   4                              //此处断开电话不成功时的信息
 120   4                         }
 121   3                       RI=0;
 122   3               P0_0=1;
 123   3              }
 124   2           if(P0_1==0)
 125   2           {
 126   3             send_SMS_english();
 127   3      
 128   3             P0_1=1;
 129   3           }
 130   2      
 131   2         }
 132   1      }
 133          


MODULE INFORMATION:   STATIC OVERLAYABLE
   CODE SIZE        =    291    ----
   CONSTANT SIZE    =     33    ----
   XDATA SIZE       =   ----    ----
   PDATA SIZE       =   ----    ----
   DATA SIZE        =    105       4
   IDATA SIZE       =   ----    ----
   BIT SIZE         =   ----    ----
END OF MODULE INFORMATION.


C51 COMPILATION COMPLETE.  0 WARNING(S),  0 ERROR(S)
