C51 COMPILER V8.02   UART                                                                  03/21/2013 13:42:38 PAGE 1   


C51 COMPILER V8.02, COMPILATION OF MODULE UART
OBJECT MODULE PLACED IN .\out\UART.obj
COMPILER INVOKED BY: C:\Keil\C51\BIN\C51.EXE source\UART.C ROM(SMALL) BROWSE INCDIR(.\inc) DEBUG OBJECTEXTEND PRINT(.\UA
                    -RT.lst) OBJECT(.\out\UART.obj)

line level    source

   1          /******************************************************************************/
   2          /*                        -- 深圳安信可科技有限公司 --                        */
   3          /*
   4          //  文件名：  uart.c                                                              
   5          //  说明：    串口底层驱动函数，使用16位的定时器作为波特率发生器，自动重载模式                            
             -                                  
   6          //  编写人员：Wu                                                                   
   7          //  编写日期：2012年11月12日                                                              
   8          //  程序维护：
   9          //      维护记录：
  10          //
  11          //                                                          
  12          */ 
  13          // 免责声明：该程序仅用于学习与交流 
  14          // (c) Anxinke Corporation. All rights reserved.                                                          
             -     
  15          /******************************************************************************/
  16          #include "typedef.h"
  17          #include "gpio.h"
  18          #include "uart.h"
  19          
  20          static bit bUartFlag;
  21          
  22          
  23          /******************************************************************************/
  24          // 函数名称：uartInit 
  25          // 输入参数：无 
  26          // 输出参数：无 
  27          // 函数功能：设置好定时器0的工作模式 
  28          /******************************************************************************/
  29          void uartInit(void)
  30          {
  31   1          /*
  32   1           * 设置定时器0为16位自动重载定时器
  33   1          */
  34   1          AUXR |= 0x80; //定时器0为1T模式
  35   1          TMOD &= 0xF0; //设置定时器为模式0(16位自动重装载)
  36   1              TL0 = (0xFFFF - MCU_FREQ / UART_BUAD) & 0xFF; //设置定时初值
  37   1              TH0 = ((0xFFFF - MCU_FREQ / UART_BUAD) >> 8) & 0xFF; //设置定时初值
  38   1          TR0 = 0; //定时器0开始计时
  39   1          ET0 = 0; //使能定时器0中断
  40   1          TI=1;
  41   1          EA = 1;
  42   1      }
  43          
  44          /******************************************************************************/
  45          // 函数名称：uartSendData 
  46          // 输入参数：ucData: 发送字节 
  47          // 输出参数：无 
  48          // 函数功能：使用串口发送一个字节数据 
  49          /******************************************************************************/
  50          void uartSendData(u8 ucData)
  51          {
  52   1          u8 ucCnt;
C51 COMPILER V8.02   UART                                                                  03/21/2013 13:42:38 PAGE 2   

  53   1          UART_TX_LOW(); //串口起始位开始
  54   1          TR0 = 1; //定时器0开始计时
  55   1          ET0 = 1; //使能定时器0中断
  56   1          bUartFlag = ON; 
  57   1          while(bUartFlag == ON);
  58   1              /*
  59   1               * 由低位开始，将数据通过串口输出
  60   1              */
  61   1          for (ucCnt = 0; ucCnt < 8; ucCnt++) {
  62   2              UART_TX_SET(ucData & 0x01);
  63   2              ucData >>= 1;
  64   2              bUartFlag = ON; 
  65   2              while(bUartFlag == ON);
  66   2          }
  67   1          UART_TX_HIGH(); // 发送串口停止位  
  68   1          bUartFlag = ON; 
  69   1          while(bUartFlag == ON);
  70   1          TR0 = 0; //定时器0结束计时
  71   1          ET0 = 0; //禁能定时器0中断    
  72   1      }
  73          /******************************************************************************/
  74          // 函数名称：uartSendString 
  75          // 输入参数：pS: 字符串首地址 
  76          // 输出参数：无 
  77          // 函数功能：发送字符串通过串口输出 
  78          /******************************************************************************/
  79          void uartSendString(char *pS)
  80          {
  81   1          while (*pS)                      //检测字符串结束标志
  82   1          {
  83   2              uartSendData(*pS++);         //发送当前字符
  84   2          }
  85   1      }
  86          
  87          /******************************************************************************/
  88          // 函数名称：time0ISR 
  89          // 输入参数：无 
  90          // 输出参数：无 
  91          // 函数功能：串口0服务函数 
  92          /******************************************************************************/
  93          void time0ISR(void) interrupt 1 using 1
  94          {
  95   1          EA = 0;
  96   1          bUartFlag = OFF;
  97   1          EA = 1;
  98   1      }
  99          
 100          
 101          
 102          
 103          
 104          


MODULE INFORMATION:   STATIC OVERLAYABLE
   CODE SIZE        =    104    ----
   CONSTANT SIZE    =   ----    ----
   XDATA SIZE       =   ----    ----
   PDATA SIZE       =   ----    ----
   DATA SIZE        =   ----       3
   IDATA SIZE       =   ----    ----
   BIT SIZE         =      1    ----
C51 COMPILER V8.02   UART                                                                  03/21/2013 13:42:38 PAGE 3   

END OF MODULE INFORMATION.


C51 COMPILATION COMPLETE.  0 WARNING(S),  0 ERROR(S)
