C51 COMPILER V7.50   GSM                                                                   04/28/2011 21:01:46 PAGE 1   


C51 COMPILER V7.50, COMPILATION OF MODULE GSM
OBJECT MODULE PLACED IN GSM.OBJ
COMPILER INVOKED BY: d:\Keil\C51\BIN\C51.EXE GSM.C BROWSE DEBUG OBJECTEXTEND

line level    source

   1          #include <reg52.h>
   2          #include <intrins.h>
   3          #include <stdio.h>
   4          #include <math.h>
   5          #include <stdlib.h>  
   6          #include<string.h> 
   7          #define uint unsigned int
   8          #define uchar unsigned char     
   9                           
  10          sbit Send_SMS_Text_key=P1^0;     //发Text格式短信按键
  11          sbit Send_SMS_PDU_key=P1^1;     //发PDU格式短信按键     
  12          
  13          sbit LED0=P0^0;
  14          sbit LED1=P0^1;
  15          sbit LED2=P0^2;
  16          sbit LED3=P0^3;
  17          sbit LED4=P0^4;
  18          sbit LED5=P0^5;
  19          sbit LED6=P0^6;
  20          sbit LED7=P0^7;
  21                                    
  22          uchar code PhoneCall[]="15922260566";   
  23          uchar code SMS_send[]= "AT+CMGS=";  
  24          uchar code SMS_TXET[]= "AT+CMGF=1";//发送数据为TXET格式 
  25          uchar code SMS_PDU[]= "AT+CMGF=0";//发送数据为PDU格式 
  26                                                            
  27          uchar code Sms[]="test ok!!"; 
  28          uchar code Byte_num[]="20";  //短信内容字节长度
  29          uchar code Sms2_Pdu[]="0891683108200205F011000B815129220665F60008A70600204F60597D"; //(5129220665F6)括号里
             -的数为接收短信的手机号码 内容是：您好
  30          delay(uint ms)// 延时子程序
  31          {      
  32   1      uchar i;
  33   1      while(ms--)
  34   1      {
  35   2        for(i=0;i<120;i++);
  36   2      }
  37   1      }
  38          
  39          /*********************************************************** 
  40          函数名称：Print_Char 
  41          函数功能：发送单个字符     
  42                    入口参数:ch      出口参数：无 
  43          ***********************************************************/
  44          Print_Char(uchar ch)//发送单个字符
  45          {
  46   1      SBUF=ch; //送入缓冲区
  47   1      while(TI!=1); //等待发送完毕
  48   1      TI=0; //软件清零
  49   1      }
  50          
  51          /*********************************************************** 
  52          函数名称：Print_Str 
  53          函数功能：发送字符串     
  54                    入口参数:*str    出口参数：无 
C51 COMPILER V7.50   GSM                                                                   04/28/2011 21:01:46 PAGE 2   

  55          ***********************************************************/
  56          Print_Str(uchar *str)//发送字符串
  57          {
  58   1      
  59   1      while(*str!='\0') 
  60   1      {
  61   2      Print_Char(*str);
  62   2         str++;
  63   2          }
  64   1      
  65   1      }           
  66          
  67           
  68          /*********************************************************** 
  69          函数名称：Ini_UART 
  70          函数功能：串口初始化、定时器初始化     
  71                    入口参数:无     出口参数：无 
  72          ***********************************************************/ 
  73          Ini_UART(void)//串口初始化、定时器初始化
  74          {
  75   1               SCON = 0x50 ;  //SCON: serail mode 1, 8-bit UART, enable ucvr   
  76   1                               //UART为模式1，8位数据，允许接收
  77   1                TMOD |= 0x21 ; //TMOD: timer 1, mode 2, 8-bit reload             
  78   1                               //定时器1为模式2,8位自动重装
  79   1                PCON |= 0x80 ; //SMOD=1; 
  80   1                TH1 = 0xFD ;   //Baud:19200 fosc="11".0592MHz 
  81   1                IE |= 0x90 ;     //Enable Serial Interrupt 
  82   1                TR1 = 1 ;       // timer 1 run 
  83   1                TI=1;  
  84   1      } 
  85          /*********************************************************** 
  86          函数名称：GSM_TEXT 
  87          函数功能：设置发送数据为TXET格式       
  88                    入口参数:无     出口参数：无 
  89          ***********************************************************/ 
  90           
  91          void GSM_TEXT()   //设置GSM为TEXT格式
  92          {   
  93   1           Print_Str(SMS_TXET);   //发送设置指令
  94   1           Print_Str("\r\n");   //发送回车
  95   1            ES=1;
  96   1           delay(3000); 
  97   1      }
  98          
  99          /*********************************************************** 
 100          函数名称：GSM_TEXT_SMS 
 101          函数功能：发送数据为TXET格式的短信内容       
 102                    入口参数:无     出口参数：无 
 103          ***********************************************************/ 
 104           
 105          void GSM_TEXT_SMS()  //发送TEXT格式内容
 106          {   
 107   1           
 108   1           Print_Str(SMS_send);
 109   1               Print_Str(PhoneCall);
 110   1           Print_Str("\r\n");   //发送回车
 111   1           delay(3000); 
 112   1           Print_Str(Sms);
 113   1           Print_Char(0x1a);  //发送短息内容结束符对应的ASCII为0x1a
 114   1           ES=1;
 115   1           delay(1000);
 116   1           delay(5000);   
C51 COMPILER V7.50   GSM                                                                   04/28/2011 21:01:46 PAGE 3   

 117   1      } 
 118          /*********************************************************** 
 119          函数名称：GSM_PDU
 120          函数功能：设置发送数据为PDU格式       
 121                    入口参数:无     出口参数：无 
 122          ***********************************************************/ 
 123           
 124          void GSM_PDU()    //设置GSM为PDU格式
 125           {
 126   1           Print_Str(SMS_PDU);  //发送设置指令
 127   1           Print_Str("\r\n");   //发送回车
 128   1            ES=1;
 129   1           delay(1000); 
 130   1        }
 131          
 132          /*********************************************************** 
 133          函数名称：GSM_PDU_SMS
 134          函数功能：发送数据为PDU格式的短信内容       
 135                    入口参数:无     出口参数：无 
 136          ***********************************************************/ 
 137          void GSM_PDU_SMS()  //发送PDU格式内容
 138          {   
 139   1           
 140   1           Print_Str(SMS_send);
 141   1           Print_Str(Byte_num);
 142   1           Print_Str("\r\n");   //发送回车
 143   1             delay(3000); 
 144   1           Print_Str(Sms2_Pdu);
 145   1           //Print_Str(Sms);
 146   1           Print_Char(0x1a);  //发送短息内容结束符对应的ASCII为0x1a
 147   1            ES=1;
 148   1           delay(1000);
 149   1           delay(5000);   
 150   1      }
 151          
 152          
 153          /*********************************************************** 
 154          函数名称：main
 155          函数功能：主函数
 156          ***********************************************************/ 
 157          void main()
 158          { 
 159   1      Ini_UART();
 160   1      while(1)
 161   1      {  
 162   2       if(!Send_SMS_Text_key) 
 163   2              {       
 164   3                        GSM_TEXT();
 165   3                        GSM_TEXT_SMS();
 166   3                LED0=!LED0;                                                                    
 167   3               }
 168   2          
 169   2           else if(!Send_SMS_PDU_key)
 170   2              {       
 171   3                         GSM_PDU();
 172   3                         GSM_PDU_SMS();
 173   3                      LED1=!LED1;                                                        
 174   3               }
 175   2            
 176   2      }
 177   1      }

C51 COMPILER V7.50   GSM                                                                   04/28/2011 21:01:46 PAGE 4   


MODULE INFORMATION:   STATIC OVERLAYABLE
   CODE SIZE        =    227    ----
   CONSTANT SIZE    =    116    ----
   XDATA SIZE       =   ----    ----
   PDATA SIZE       =   ----    ----
   DATA SIZE        =   ----    ----
   IDATA SIZE       =   ----    ----
   BIT SIZE         =   ----    ----
END OF MODULE INFORMATION.


C51 COMPILATION COMPLETE.  0 WARNING(S),  0 ERROR(S)
