BL51 BANKED LINKER/LOCATER V5.12                                                        04/27/2011  09:50:23  PAGE 1


BL51 BANKED LINKER/LOCATER V5.12, INVOKED BY:
D:\KEIL\C51\BIN\BL51.EXE STARTUP.obj, GPRS.obj TO GPRS_51_TEST RAMSIZE (256)


MEMORY MODEL: SMALL


INPUT MODULES INCLUDED:
  STARTUP.obj (?C_STARTUP)
  GPRS.obj (GPRS)
  D:\KEIL\C51\LIB\C51S.LIB (?C_INIT)


LINK MAP OF MODULE:  GPRS_51_TEST (?C_STARTUP)


            TYPE    BASE      LENGTH    RELOCATION   SEGMENT NAME
            -----------------------------------------------------

            * * * * * * *   D A T A   M E M O R Y   * * * * * * *
            REG     0000H     0008H     ABSOLUTE     "REG BANK 0"
                    0008H     0010H                  *** GAP ***
            REG     0018H     0008H     ABSOLUTE     "REG BANK 3"
            DATA    0020H     004EH     UNIT         ?DT?GPRS
            IDATA   006EH     0001H     UNIT         ?STACK

            * * * * * * *   C O D E   M E M O R Y   * * * * * * *
            CODE    0000H     0003H     ABSOLUTE     
            CODE    0003H     0018H     UNIT         ?PR?ATE0?GPRS
                    001BH     0008H                  *** GAP ***
            CODE    0023H     0003H     ABSOLUTE     
            CODE    0026H     0123H     UNIT         ?PR?SEND_MESSAGE?GPRS
            CODE    0149H     011BH     UNIT         ?CO?GPRS
            CODE    0264H     008CH     UNIT         ?C_C51STARTUP
            CODE    02F0H     0031H     UNIT         ?PR?AT_CSCA?GPRS
            CODE    0321H     002FH     UNIT         ?PR?AT_CMGS?GPRS
            CODE    0350H     002EH     UNIT         ?PR?MAIN?GPRS
            CODE    037EH     002DH     UNIT         ?C_INITSEG
            CODE    03ABH     0028H     UNIT         ?PR?SERIAL?GPRS
            CODE    03D3H     0024H     UNIT         ?PR?_DELAY_GSM?GPRS
            CODE    03F7H     0024H     UNIT         ?PR?ATNAME?GPRS
            CODE    041BH     0016H     UNIT         ?PR?AT_RST?GPRS
            CODE    0431H     0016H     UNIT         ?PR?AT_CREG?GPRS
            CODE    0447H     0016H     UNIT         ?PR?AT_CMGF?GPRS
            CODE    045DH     0016H     UNIT         ?PR?AT_CMGR?GPRS
            CODE    0473H     0016H     UNIT         ?PR?AT_CMGD?GPRS
            CODE    0489H     0014H     UNIT         ?PR?INIT_SERIALCOM?GPRS
            CODE    049DH     0012H     UNIT         ?PR?_SEND_UART?GPRS



OVERLAY MAP OF MODULE:   GPRS_51_TEST (?C_STARTUP)


SEGMENT
  +--> CALLED SEGMENT
---------------------
?C_C51STARTUP
BL51 BANKED LINKER/LOCATER V5.12                                                      04/27/2011  09:50:23  PAGE 2


  +--> ?PR?MAIN?GPRS
  +--> ?C_INITSEG

?PR?MAIN?GPRS
  +--> ?PR?INIT_SERIALCOM?GPRS
  +--> ?PR?ATE0?GPRS
  +--> ?PR?_DELAY_GSM?GPRS
  +--> ?PR?SEND_MESSAGE?GPRS

?PR?ATE0?GPRS
  +--> ?CO?GPRS
  +--> ?PR?_SEND_UART?GPRS

?PR?SEND_MESSAGE?GPRS
  +--> ?PR?_DELAY_GSM?GPRS
  +--> ?PR?ATE0?GPRS
  +--> ?PR?AT_CMGF?GPRS
  +--> ?PR?AT_CREG?GPRS
  +--> ?PR?AT_CSCA?GPRS
  +--> ?PR?ATNAME?GPRS
  +--> ?PR?AT_CMGR?GPRS
  +--> ?PR?AT_CMGS?GPRS

?PR?AT_CMGF?GPRS
  +--> ?CO?GPRS
  +--> ?PR?_SEND_UART?GPRS

?PR?AT_CREG?GPRS
  +--> ?CO?GPRS
  +--> ?PR?_SEND_UART?GPRS

?PR?AT_CSCA?GPRS
  +--> ?CO?GPRS
  +--> ?PR?_SEND_UART?GPRS

?PR?ATNAME?GPRS
  +--> ?CO?GPRS
  +--> ?PR?_SEND_UART?GPRS
  +--> ?PR?_DELAY_GSM?GPRS

?PR?AT_CMGR?GPRS
  +--> ?CO?GPRS
  +--> ?PR?_SEND_UART?GPRS

?PR?AT_CMGS?GPRS
  +--> ?CO?GPRS
  +--> ?PR?_SEND_UART?GPRS



SYMBOL TABLE OF MODULE:  GPRS_51_TEST (?C_STARTUP)

  VALUE           TYPE          NAME
  ----------------------------------

  -------         MODULE        ?C_STARTUP
  C:0264H         SEGMENT       ?C_C51STARTUP
BL51 BANKED LINKER/LOCATER V5.12                                                      04/27/2011  09:50:23  PAGE 3


  I:006EH         SEGMENT       ?STACK
  C:0000H         PUBLIC        ?C_STARTUP
  D:00E0H         SYMBOL        ACC
  D:00F0H         SYMBOL        B
  D:0083H         SYMBOL        DPH
  D:0082H         SYMBOL        DPL
  N:0000H         SYMBOL        IBPSTACK
  N:0100H         SYMBOL        IBPSTACKTOP
  N:0080H         SYMBOL        IDATALEN
  C:0267H         SYMBOL        IDATALOOP
  N:0000H         SYMBOL        PBPSTACK
  N:0000H         SYMBOL        PBPSTACKTOP
  N:0000H         SYMBOL        PDATALEN
  N:0000H         SYMBOL        PDATASTART
  N:0000H         SYMBOL        PPAGE
  N:0000H         SYMBOL        PPAGEENABLE
  D:00A0H         SYMBOL        PPAGE_SFR
  D:0081H         SYMBOL        SP
  C:0264H         SYMBOL        STARTUP1
  N:0000H         SYMBOL        XBPSTACK
  N:0000H         SYMBOL        XBPSTACKTOP
  N:0000H         SYMBOL        XDATALEN
  N:0000H         SYMBOL        XDATASTART
  C:0000H         LINE#         92
  C:0264H         LINE#         99
  C:0266H         LINE#         100
  C:0267H         LINE#         101
  C:0268H         LINE#         102
  C:026AH         LINE#         151
  C:026DH         LINE#         155
  -------         ENDMOD        ?C_STARTUP

  -------         MODULE        GPRS
  C:0000H         SYMBOL        _ICE_DUMMY_
  D:0090H         PUBLIC        P1
  C:01AAH         PUBLIC        TC_ATE0
  D:00B0H         PUBLIC        P3
  C:03ABH         PUBLIC        serial
  C:01AFH         PUBLIC        TC_ATE1
  D:0020H         PUBLIC        sum1
  C:01C4H         PUBLIC        GSM_START1
  C:01D4H         PUBLIC        GSM_START2
  D:0022H         PUBLIC        str0
  C:0003H         PUBLIC        ATE0
  D:0032H         PUBLIC        str1
  D:00A8H         PUBLIC        IE
  C:02F0H         PUBLIC        AT_CSCA
  C:0473H         PUBLIC        AT_CMGD
  C:0026H         PUBLIC        SEND_MESSAGE
  C:0447H         PUBLIC        AT_CMGF
  C:0431H         PUBLIC        AT_CREG
  D:00B8H         PUBLIC        IP
  D:0042H         PUBLIC        read_flag
  B:0098H.0       PUBLIC        RI
  B:0098H.1       PUBLIC        TI
  C:045DH         PUBLIC        AT_CMGR
  C:0321H         PUBLIC        AT_CMGS
BL51 BANKED LINKER/LOCATER V5.12                                                      04/27/2011  09:50:23  PAGE 4


  C:016DH         PUBLIC        TC_ZXH1
  C:0155H         PUBLIC        TC_ZXH2
  C:0350H         PUBLIC        main
  C:0191H         PUBLIC        TC_DQML
  C:019BH         PUBLIC        TC_SCML
  C:04A7H         PUBLIC        _send_uart
  C:0224H         PUBLIC        ATCSCA_OK
  C:01F4H         PUBLIC        ATCMGF_OK
  D:0043H         PUBLIC        i_receive
  D:0099H         PUBLIC        SBUF
  D:0087H         PUBLIC        PCON
  C:0176H         PUBLIC        TC_FSNR
  D:0098H         PUBLIC        SCON
  D:0089H         PUBLIC        TMOD
  D:0088H         PUBLIC        TCON
  D:0044H         PUBLIC        temp
  C:03F7H         PUBLIC        ATNAME
  C:03D7H         PUBLIC        _delay_GSM
  C:0234H         PUBLIC        ATCMGS_OK
  D:0046H         PUBLIC        TC35_CON
  D:0047H         PUBLIC        TC35_MAX
  D:0048H         PUBLIC        i_TC35
  C:017EH         PUBLIC        TC_WLZT
  D:0049H         PUBLIC        i_TC35_RECE
  C:0187H         PUBLIC        TC_MSXZ
  D:008DH         PUBLIC        TH1
  C:01A5H         PUBLIC        TC_ATF
  C:01E4H         PUBLIC        ATE_OK
  D:004AH         PUBLIC        sum
  B:0088H.6       PUBLIC        TR1
  C:01B4H         PUBLIC        GSM_START
  C:0164H         PUBLIC        TC_MDSJ1
  C:0149H         PUBLIC        TC_MDSJ2
  C:0489H         PUBLIC        init_serialcom
  D:004CH         PUBLIC        a
  D:004DH         PUBLIC        b
  D:004EH         PUBLIC        c
  D:004FH         PUBLIC        d
  C:0204H         PUBLIC        ATCREG1_OK
  C:0214H         PUBLIC        ATCREG2_OK
  D:00C8H         PUBLIC        T2CON
  C:041BH         PUBLIC        AT_RST
  C:0254H         PUBLIC        ATGSM_FL
  D:0050H         PUBLIC        TC35_RE
  C:0244H         PUBLIC        ATGSM_OK
  D:00D0H         PUBLIC        PSW
  C:03D3H         SYMBOL        L?0112
  -------         PROC          L?0111
  -------         ENDPROC       L?0111
  C:03D3H         SYMBOL        L?0112
  -------         PROC          _DELAY_GSM
  D:0006H         SYMBOL        i
  -------         DO            
  D:0004H         SYMBOL        i_delay
  D:0002H         SYMBOL        j_delay
  -------         ENDDO         
  C:03D7H         LINE#         37
BL51 BANKED LINKER/LOCATER V5.12                                                      04/27/2011  09:50:23  PAGE 5


  C:03D7H         LINE#         38
  C:03D7H         LINE#         39
  C:03E1H         LINE#         40
  C:03E4H         LINE#         41
  C:03F6H         LINE#         42
  -------         ENDPROC       _DELAY_GSM
  -------         PROC          INIT_SERIALCOM
  C:0489H         LINE#         43
  C:0489H         LINE#         44
  C:0489H         LINE#         45
  C:048CH         LINE#         47
  C:048FH         LINE#         49
  C:0492H         LINE#         50
  C:0495H         LINE#         51
  C:0498H         LINE#         52
  C:049AH         LINE#         53
  C:049CH         LINE#         55
  -------         ENDPROC       INIT_SERIALCOM
  C:049DH         SYMBOL        L?0109
  C:04A2H         SYMBOL        L?0110
  -------         PROC          L?0108
  -------         ENDPROC       L?0108
  C:049DH         SYMBOL        L?0109
  C:04A2H         SYMBOL        L?0110
  -------         PROC          _SEND_UART
  D:0007H         SYMBOL        a_s
  C:04A7H         LINE#         58
  C:04A7H         LINE#         59
  C:04A7H         LINE#         61
  C:04AAH         LINE#         62
  C:04ACH         LINE#         63
  C:04AEH         LINE#         65
  -------         ENDPROC       _SEND_UART
  -------         PROC          SERIAL
  C:03ABH         LINE#         67
  C:03B2H         LINE#         69
  C:03B5H         LINE#         70
  C:03B5H         LINE#         71
  C:03B7H         LINE#         72
  C:03BAH         LINE#         73
  C:03C4H         LINE#         75
  C:03CEH         LINE#         77
  C:03CEH         LINE#         78
  -------         ENDPROC       SERIAL
  -------         PROC          ATE0
  -------         DO            
  D:0006H         SYMBOL        i
  -------         ENDDO         
  C:0003H         LINE#         81
  C:0003H         LINE#         82
  C:0003H         LINE#         84
  C:0005H         LINE#         85
  C:0012H         LINE#         86
  C:0014H         LINE#         87
  C:0017H         LINE#         88
  C:001AH         LINE#         90
  -------         ENDPROC       ATE0
BL51 BANKED LINKER/LOCATER V5.12                                                      04/27/2011  09:50:23  PAGE 6


  -------         PROC          ATNAME
  -------         DO            
  D:0006H         SYMBOL        i
  -------         ENDDO         
  C:03F7H         LINE#         91
  C:03F7H         LINE#         92
  C:03F7H         LINE#         94
  C:03F9H         LINE#         95
  C:0406H         LINE#         96
  C:040DH         LINE#         97
  C:0412H         LINE#         98
  C:0414H         LINE#         99
  C:0417H         LINE#         100
  C:041AH         LINE#         101
  -------         ENDPROC       ATNAME
  -------         PROC          AT_CMGS
  -------         DO            
  D:0006H         SYMBOL        i
  -------         ENDDO         
  C:0321H         LINE#         103
  C:0321H         LINE#         104
  C:0321H         LINE#         106
  C:0323H         LINE#         107
  C:0330H         LINE#         109
  C:0335H         LINE#         110
  C:0337H         LINE#         111
  C:0344H         LINE#         113
  C:0349H         LINE#         114
  C:0349H         LINE#         115
  C:0349H         LINE#         116
  C:034CH         LINE#         117
  C:034FH         LINE#         118
  -------         ENDPROC       AT_CMGS
  -------         PROC          AT_CSCA
  -------         DO            
  D:0006H         SYMBOL        i
  -------         ENDDO         
  C:02F0H         LINE#         120
  C:02F0H         LINE#         121
  C:02F0H         LINE#         123
  C:02F2H         LINE#         124
  C:02FFH         LINE#         125
  C:0304H         LINE#         126
  C:0306H         LINE#         127
  C:0313H         LINE#         129
  C:0318H         LINE#         131
  C:031AH         LINE#         132
  C:031DH         LINE#         133
  C:0320H         LINE#         134
  -------         ENDPROC       AT_CSCA
  -------         PROC          AT_RST
  -------         DO            
  D:0006H         SYMBOL        i
  -------         ENDDO         
  C:041BH         LINE#         136
  C:041BH         LINE#         137
  C:041BH         LINE#         139
BL51 BANKED LINKER/LOCATER V5.12                                                      04/27/2011  09:50:23  PAGE 7


  C:041DH         LINE#         140
  C:042AH         LINE#         141
  C:042AH         LINE#         142
  C:042AH         LINE#         143
  C:042DH         LINE#         144
  C:0430H         LINE#         145
  -------         ENDPROC       AT_RST
  -------         PROC          AT_CREG
  -------         DO            
  D:0006H         SYMBOL        i
  -------         ENDDO         
  C:0431H         LINE#         147
  C:0431H         LINE#         148
  C:0431H         LINE#         150
  C:0433H         LINE#         151
  C:0440H         LINE#         152
  C:0440H         LINE#         153
  C:0440H         LINE#         154
  C:0443H         LINE#         155
  C:0446H         LINE#         156
  -------         ENDPROC       AT_CREG
  -------         PROC          AT_CMGF
  -------         DO            
  D:0006H         SYMBOL        i
  -------         ENDDO         
  C:0447H         LINE#         158
  C:0447H         LINE#         159
  C:0447H         LINE#         161
  C:0449H         LINE#         162
  C:0456H         LINE#         163
  C:0456H         LINE#         164
  C:0456H         LINE#         165
  C:0459H         LINE#         166
  C:045CH         LINE#         167
  -------         ENDPROC       AT_CMGF
  -------         PROC          AT_CMGR
  -------         DO            
  D:0006H         SYMBOL        i
  -------         ENDDO         
  C:045DH         LINE#         169
  C:045DH         LINE#         170
  C:045DH         LINE#         172
  C:045FH         LINE#         173
  C:046CH         LINE#         174
  C:046CH         LINE#         175
  C:046CH         LINE#         176
  C:046FH         LINE#         177
  C:0472H         LINE#         178
  -------         ENDPROC       AT_CMGR
  -------         PROC          AT_CMGD
  -------         DO            
  D:0006H         SYMBOL        i
  -------         ENDDO         
  C:0473H         LINE#         180
  C:0473H         LINE#         181
  C:0473H         LINE#         183
  C:0475H         LINE#         184
BL51 BANKED LINKER/LOCATER V5.12                                                      04/27/2011  09:50:23  PAGE 8


  C:0482H         LINE#         185
  C:0482H         LINE#         186
  C:0482H         LINE#         187
  C:0485H         LINE#         188
  C:0488H         LINE#         189
  -------         ENDPROC       AT_CMGD
  -------         PROC          SEND_MESSAGE
  C:0026H         LINE#         192
  C:0026H         LINE#         193
  C:0029H         LINE#         194
  C:0033H         LINE#         195
  C:0033H         LINE#         196
  C:0038H         LINE#         197
  C:0042H         LINE#         198
  C:0042H         LINE#         200
  C:0045H         LINE#         201
  C:0048H         LINE#         202
  C:004AH         LINE#         204
  C:004DH         LINE#         205
  C:0050H         LINE#         206
  C:0050H         LINE#         207
  C:0053H         LINE#         208
  C:0058H         LINE#         210
  C:0062H         LINE#         211
  C:0062H         LINE#         213
  C:0065H         LINE#         214
  C:006BH         LINE#         215
  C:006DH         LINE#         216
  C:0070H         LINE#         218
  C:0073H         LINE#         219
  C:0078H         LINE#         220
  C:008DH         LINE#         221
  C:008DH         LINE#         222
  C:0090H         LINE#         223
  C:0092H         LINE#         224
  C:0092H         LINE#         226
  C:0095H         LINE#         227
  C:0098H         LINE#         228
  C:00A1H         LINE#         230
  C:00A7H         LINE#         231
  C:00A7H         LINE#         232
  C:00ADH         LINE#         233
  C:00B7H         LINE#         234
  C:00B7H         LINE#         236
  C:00BAH         LINE#         237
  C:00BCH         LINE#         238
  C:00BEH         LINE#         240
  C:00C3H         LINE#         241
  C:00CCH         LINE#         242
  C:00CFH         LINE#         243
  C:00D1H         LINE#         246
  C:00D6H         LINE#         248
  C:00D9H         LINE#         249
  C:00E3H         LINE#         250
  C:00E3H         LINE#         252
  C:00E6H         LINE#         253
  C:00F0H         LINE#         254
BL51 BANKED LINKER/LOCATER V5.12                                                      04/27/2011  09:50:23  PAGE 9


  C:00F0H         LINE#         255
  C:00F2H         LINE#         257
  C:00F8H         LINE#         258
  C:00FEH         LINE#         259
  C:0103H         LINE#         260
  C:0103H         LINE#         261
  C:0106H         LINE#         262
  C:0110H         LINE#         263
  C:0112H         LINE#         264
  C:0112H         LINE#         265
  C:0115H         LINE#         266
  C:0123H         LINE#         267
  C:0126H         LINE#         268
  C:0128H         LINE#         270
  C:0132H         LINE#         271
  C:0132H         LINE#         273
  C:0135H         LINE#         274
  C:0143H         LINE#         275
  C:0146H         LINE#         276
  C:0148H         LINE#         277
  C:0148H         LINE#         278
  -------         ENDPROC       SEND_MESSAGE
  -------         PROC          MAIN
  C:0350H         LINE#         58
  C:0350H         LINE#         59
  C:0350H         LINE#         61
  C:0353H         LINE#         62
  C:0356H         LINE#         63
  C:0359H         LINE#         64
  C:0360H         LINE#         65
  C:0363H         LINE#         66
  C:0371H         LINE#         67
  C:0374H         LINE#         68
  C:0376H         LINE#         69
  C:0379H         LINE#         70
  C:0379H         LINE#         71
  C:0379H         LINE#         73
  C:037CH         LINE#         74
  -------         ENDPROC       MAIN
  -------         ENDMOD        GPRS

*** WARNING L16: UNCALLED SEGMENT, IGNORED FOR OVERLAY PROCESS
    SEGMENT: ?PR?AT_RST?GPRS

*** WARNING L16: UNCALLED SEGMENT, IGNORED FOR OVERLAY PROCESS
    SEGMENT: ?PR?AT_CMGD?GPRS

Program Size: data=95.0 xdata=0 code=1191
LINK/LOCATE RUN COMPLETE.  2 WARNING(S),  0 ERROR(S)
